Archive member included to satisfy reference by file (symbol)

/Users/antoniocapece/.local/share/gcc-arm-none-eabi-10.3-2021.10/bin/../lib/gcc/arm-none-eabi/10.3.1/../../../../arm-none-eabi/lib/thumb/v7-m/nofp/libg_nano.a(lib_a-fflush.o)
                              ./output/startup_gcc.o (fflush)
/Users/antoniocapece/.local/share/gcc-arm-none-eabi-10.3-2021.10/bin/../lib/gcc/arm-none-eabi/10.3.1/../../../../arm-none-eabi/lib/thumb/v7-m/nofp/libg_nano.a(lib_a-findfp.o)
                              /Users/antoniocapece/.local/share/gcc-arm-none-eabi-10.3-2021.10/bin/../lib/gcc/arm-none-eabi/10.3.1/../../../../arm-none-eabi/lib/thumb/v7-m/nofp/libg_nano.a(lib_a-fflush.o) (__sinit)
/Users/antoniocapece/.local/share/gcc-arm-none-eabi-10.3-2021.10/bin/../lib/gcc/arm-none-eabi/10.3.1/../../../../arm-none-eabi/lib/thumb/v7-m/nofp/libg_nano.a(lib_a-fwalk.o)
                              /Users/antoniocapece/.local/share/gcc-arm-none-eabi-10.3-2021.10/bin/../lib/gcc/arm-none-eabi/10.3.1/../../../../arm-none-eabi/lib/thumb/v7-m/nofp/libg_nano.a(lib_a-findfp.o) (_fwalk)
/Users/antoniocapece/.local/share/gcc-arm-none-eabi-10.3-2021.10/bin/../lib/gcc/arm-none-eabi/10.3.1/../../../../arm-none-eabi/lib/thumb/v7-m/nofp/libg_nano.a(lib_a-impure.o)
                              /Users/antoniocapece/.local/share/gcc-arm-none-eabi-10.3-2021.10/bin/../lib/gcc/arm-none-eabi/10.3.1/../../../../arm-none-eabi/lib/thumb/v7-m/nofp/libg_nano.a(lib_a-fflush.o) (_global_impure_ptr)
/Users/antoniocapece/.local/share/gcc-arm-none-eabi-10.3-2021.10/bin/../lib/gcc/arm-none-eabi/10.3.1/../../../../arm-none-eabi/lib/thumb/v7-m/nofp/libg_nano.a(lib_a-lock.o)
                              /Users/antoniocapece/.local/share/gcc-arm-none-eabi-10.3-2021.10/bin/../lib/gcc/arm-none-eabi/10.3.1/../../../../arm-none-eabi/lib/thumb/v7-m/nofp/libg_nano.a(lib_a-findfp.o) (__retarget_lock_init_recursive)
/Users/antoniocapece/.local/share/gcc-arm-none-eabi-10.3-2021.10/bin/../lib/gcc/arm-none-eabi/10.3.1/../../../../arm-none-eabi/lib/thumb/v7-m/nofp/libg_nano.a(lib_a-memcmp.o)
                              ./output/MessageBufferDemo.o (memcmp)
/Users/antoniocapece/.local/share/gcc-arm-none-eabi-10.3-2021.10/bin/../lib/gcc/arm-none-eabi/10.3.1/../../../../arm-none-eabi/lib/thumb/v7-m/nofp/libg_nano.a(lib_a-memcpy-stub.o)
                              ./output/queue.o (memcpy)
/Users/antoniocapece/.local/share/gcc-arm-none-eabi-10.3-2021.10/bin/../lib/gcc/arm-none-eabi/10.3.1/../../../../arm-none-eabi/lib/thumb/v7-m/nofp/libg_nano.a(lib_a-memset.o)
                              ./output/tasks.o (memset)
/Users/antoniocapece/.local/share/gcc-arm-none-eabi-10.3-2021.10/bin/../lib/gcc/arm-none-eabi/10.3.1/../../../../arm-none-eabi/lib/thumb/v7-m/nofp/libg_nano.a(lib_a-nano-freer.o)
                              /Users/antoniocapece/.local/share/gcc-arm-none-eabi-10.3-2021.10/bin/../lib/gcc/arm-none-eabi/10.3.1/../../../../arm-none-eabi/lib/thumb/v7-m/nofp/libg_nano.a(lib_a-fflush.o) (_free_r)
/Users/antoniocapece/.local/share/gcc-arm-none-eabi-10.3-2021.10/bin/../lib/gcc/arm-none-eabi/10.3.1/../../../../arm-none-eabi/lib/thumb/v7-m/nofp/libg_nano.a(lib_a-nano-mallocr.o)
                              /Users/antoniocapece/.local/share/gcc-arm-none-eabi-10.3-2021.10/bin/../lib/gcc/arm-none-eabi/10.3.1/../../../../arm-none-eabi/lib/thumb/v7-m/nofp/libg_nano.a(lib_a-findfp.o) (_malloc_r)
/Users/antoniocapece/.local/share/gcc-arm-none-eabi-10.3-2021.10/bin/../lib/gcc/arm-none-eabi/10.3.1/../../../../arm-none-eabi/lib/thumb/v7-m/nofp/libg_nano.a(lib_a-sbrkr.o)
                              /Users/antoniocapece/.local/share/gcc-arm-none-eabi-10.3-2021.10/bin/../lib/gcc/arm-none-eabi/10.3.1/../../../../arm-none-eabi/lib/thumb/v7-m/nofp/libg_nano.a(lib_a-nano-mallocr.o) (_sbrk_r)
/Users/antoniocapece/.local/share/gcc-arm-none-eabi-10.3-2021.10/bin/../lib/gcc/arm-none-eabi/10.3.1/../../../../arm-none-eabi/lib/thumb/v7-m/nofp/libg_nano.a(lib_a-stdio.o)
                              /Users/antoniocapece/.local/share/gcc-arm-none-eabi-10.3-2021.10/bin/../lib/gcc/arm-none-eabi/10.3.1/../../../../arm-none-eabi/lib/thumb/v7-m/nofp/libg_nano.a(lib_a-findfp.o) (__sread)
/Users/antoniocapece/.local/share/gcc-arm-none-eabi-10.3-2021.10/bin/../lib/gcc/arm-none-eabi/10.3.1/../../../../arm-none-eabi/lib/thumb/v7-m/nofp/libg_nano.a(lib_a-strcmp.o)
                              ./output/MessageBufferAMP.o (strcmp)
/Users/antoniocapece/.local/share/gcc-arm-none-eabi-10.3-2021.10/bin/../lib/gcc/arm-none-eabi/10.3.1/../../../../arm-none-eabi/lib/thumb/v7-m/nofp/libg_nano.a(lib_a-strlen.o)
                              ./output/tasks.o (strlen)
/Users/antoniocapece/.local/share/gcc-arm-none-eabi-10.3-2021.10/bin/../lib/gcc/arm-none-eabi/10.3.1/../../../../arm-none-eabi/lib/thumb/v7-m/nofp/libg_nano.a(lib_a-writer.o)
[...]
Memory Configuration

Name             Origin             Length             Attributes
FLASH            0x0000000000000000 0x0000000000400000 xr
RAM              0x0000000020000000 0x0000000000400000 rw
*default*        0x0000000000000000 0xffffffffffffffff

Linker script and memory map

LOAD ./output/tasks.o
LOAD ./output/list.o
LOAD ./output/queue.o
LOAD ./output/timers.o
LOAD ./output/event_groups.o
LOAD ./output/stream_buffer.o
LOAD ./output/heap_4.o
LOAD ./output/port.o
LOAD ./output/AbortDelay.o
LOAD ./output/BlockQ.o
LOAD ./output/blocktim.o
LOAD ./output/countsem.o
LOAD ./output/death.o
LOAD ./output/dynamic.o
LOAD ./output/EventGroupsDemo.o
LOAD ./output/GenQTest.o
LOAD ./output/integer.o
LOAD ./output/IntQueue.o
LOAD ./output/IntQueueTimer.o
LOAD ./output/IntSemTest.o
LOAD ./output/MessageBufferAMP.o
LOAD ./output/MessageBufferDemo.o
LOAD ./output/PollQ.o
LOAD ./output/QPeek.o
LOAD ./output/QueueOverwrite.o
LOAD ./output/QueueSet.o
LOAD ./output/QueueSetPolling.o
LOAD ./output/recmutex.o
LOAD ./output/semtest.o
LOAD ./output/StaticAllocation.o
LOAD ./output/StreamBufferDemo.o
LOAD ./output/StreamBufferInterrupt.o
LOAD ./output/TaskNotify.o
LOAD ./output/TaskNotifyArray.o
LOAD ./output/TimerDemo.o
LOAD ./output/main.o
LOAD ./output/main_blinky.o
LOAD ./output/main_full.o
LOAD ./output/startup_gcc.o
LOAD ./output/printf-stdarg.o
                0x0000000000000008                _Min_Heap_Size = 0x8
                0x0000000000000400                _Min_Stack_Size = 0x400
                0x0000000020400000                _estack = (ORIGIN (RAM) + LENGTH (RAM))

.isr_vector     0x0000000000000000       0x78
                0x0000000000000000                __vector_table = .
 *(.isr_vector)
 .isr_vector    0x0000000000000000       0x78 ./output/startup_gcc.o
                0x0000000000000000                isr_vector
                0x0000000000000078                . = ALIGN (0x4)

.text           0x0000000000000078      0xffc
 *(.text)
 .text          0x0000000000000078       0x14 /Users/antoniocapece/.local/share/gcc-arm-none-eabi-10.3-2021.10/bin/../lib/gcc/arm-none-eabi/10.3.1/../../../../arm-none-eabi/lib/thumb/v7-m/nofp/libg_nano.a(lib_a-strcmp.o)
                0x0000000000000078                strcmp
 .text          0x000000000000008c       0x10 /Users/antoniocapece/.local/share/gcc-arm-none-eabi-10.3-2021.10/bin/../lib/gcc/arm-none-eabi/10.3.1/../../../../arm-none-eabi/lib/thumb/v7-m/nofp/libg_nano.a(lib_a-strlen.o)
                0x000000000000008c                strlen
 *(.rodata*)
 .rodata        0x000000000000009c       0x25 ./output/tasks.o
 *fill*         0x00000000000000c1        0x3 
 .rodata        0x00000000000000c4       0x1e ./output/queue.o
 *fill*         0x00000000000000e2        0x2 
 .rodata        0x00000000000000e4       0x2d ./output/timers.o
 *fill*         0x0000000000000111        0x3 
 .rodata        0x0000000000000114       0x25 ./output/event_groups.o
 *fill*         0x0000000000000139        0x3 
 .rodata        0x000000000000013c       0x26 ./output/stream_buffer.o
 *fill*         0x0000000000000162        0x2 
 .rodata        0x0000000000000164       0x30 ./output/heap_4.o
 .rodata        0x0000000000000194       0x32 ./output/port.o
 *fill*         0x00000000000001c6        0x2 
 .rodata        0x00000000000001c8       0x40 ./output/AbortDelay.o
 .rodata        0x0000000000000208       0x23 ./output/blocktim.o
 *fill*         0x000000000000022b        0x1 
 .rodata        0x000000000000022c       0x5e ./output/countsem.o
 *fill*         0x000000000000028a        0x2 
 .rodata        0x000000000000028c       0x18 ./output/death.o
 .rodata        0x00000000000002a4       0x6d ./output/dynamic.o
 *fill*         0x0000000000000311        0x3 
 .rodata        0x0000000000000314       0x4d ./output/EventGroupsDemo.o
 *fill*         0x0000000000000361        0x3 
 .rodata        0x0000000000000364       0x76 ./output/GenQTest.o
 *fill*         0x00000000000003da        0x2 
 .rodata        0x00000000000003dc       0x4e ./output/IntQueue.o
 *fill*         0x000000000000042a        0x2 
 .rodata        0x000000000000042c       0x47 ./output/IntSemTest.o
 *fill*         0x0000000000000473        0x1 
 .rodata        0x0000000000000474       0x54 ./output/MessageBufferAMP.o
 .rodata        0x00000000000004c8       0xea ./output/MessageBufferDemo.o
 *fill*         0x00000000000005b2        0x2 
 .rodata        0x00000000000005b4       0x20 ./output/PollQ.o
 .rodata        0x00000000000005d4       0x33 ./output/QPeek.o
 *fill*         0x0000000000000607        0x1 
 .rodata        0x0000000000000608       0x3c ./output/QueueOverwrite.o
 .rodata        0x0000000000000644       0x3e ./output/QueueSet.o
 *fill*         0x0000000000000682        0x2 
 .rodata        0x0000000000000684        0x8 ./output/QueueSetPolling.o
 .rodata        0x000000000000068c       0x56 ./output/recmutex.o
 *fill*         0x00000000000006e2        0x2 
 .rodata        0x00000000000006e4       0x3f ./output/semtest.o
 *fill*         0x0000000000000723        0x1 
 .rodata        0x0000000000000724       0x4f ./output/StaticAllocation.o
 *fill*         0x0000000000000773        0x1 
 .rodata        0x0000000000000774      0x123 ./output/StreamBufferDemo.o
 *fill*         0x0000000000000897        0x1 
 .rodata        0x0000000000000898       0x73 ./output/StreamBufferInterrupt.o
 *fill*         0x000000000000090b        0x1 
 .rodata        0x000000000000090c       0x55 ./output/TaskNotify.o
 *fill*         0x0000000000000961        0x3 
 .rodata        0x0000000000000964       0x61 ./output/TaskNotifyArray.o
 *fill*         0x00000000000009c5        0x3 
 .rodata        0x00000000000009c8       0x63 ./output/TimerDemo.o
 *fill*         0x0000000000000a2b        0x1 
 .rodata        0x0000000000000a2c       0x8f ./output/main.o
 *fill*         0x0000000000000abb        0x1 
 .rodata        0x0000000000000abc      0x511 ./output/main_full.o
 *fill*         0x0000000000000fcd        0x3 
 .rodata        0x0000000000000fd0       0x36 ./output/startup_gcc.o
 *fill*         0x0000000000001006        0x2 
 .rodata        0x0000000000001008        0x7 ./output/printf-stdarg.o
 *fill*         0x000000000000100f        0x1 
 .rodata.__sf_fake_stderr
                0x0000000000001010       0x20 /Users/antoniocapece/.local/share/gcc-arm-none-eabi-10.3-2021.10/bin/../lib/gcc/arm-none-eabi/10.3.1/../../../../arm-none-eabi/lib/thumb/v7-m/nofp/libg_nano.a(lib_a-findfp.o)
                0x0000000000001010                __sf_fake_stderr
 .rodata.__sf_fake_stdin
                0x0000000000001030       0x20 /Users/antoniocapece/.local/share/gcc-arm-none-eabi-10.3-2021.10/bin/../lib/gcc/arm-none-eabi/10.3.1/../../../../arm-none-eabi/lib/thumb/v7-m/nofp/libg_nano.a(lib_a-findfp.o)
                0x0000000000001030                __sf_fake_stdin
 .rodata.__sf_fake_stdout
                0x0000000000001050       0x20 /Users/antoniocapece/.local/share/gcc-arm-none-eabi-10.3-2021.10/bin/../lib/gcc/arm-none-eabi/10.3.1/../../../../arm-none-eabi/lib/thumb/v7-m/nofp/libg_nano.a(lib_a-findfp.o)
                0x0000000000001050                __sf_fake_stdout
 .rodata._global_impure_ptr
                0x0000000000001070        0x4 /Users/antoniocapece/.local/share/gcc-arm-none-eabi-10.3-2021.10/bin/../lib/gcc/arm-none-eabi/10.3.1/../../../../arm-none-eabi/lib/thumb/v7-m/nofp/libg_nano.a(lib_a-impure.o)
                0x0000000000001070                _global_impure_ptr
 *(.constdata*)
                0x0000000000001074                _etext = .
                0x0000000000001074                _sidata = .

.glue_7         0x0000000000001074        0x0
 .glue_7        0x0000000000001074        0x0 linker stubs

.glue_7t        0x0000000000001074        0x0
 .glue_7t       0x0000000000001074        0x0 linker stubs

.vfp11_veneer   0x0000000000001074        0x0
 .vfp11_veneer  0x0000000000001074        0x0 linker stubs

.v4_bx          0x0000000000001074        0x0
 .v4_bx         0x0000000000001074        0x0 linker stubs

.text.xTaskCreateStatic
                0x0000000000001074       0xa4
 .text.xTaskCreateStatic
                0x0000000000001074       0xa4 ./output/tasks.o
                0x0000000000001074                xTaskCreateStatic

.text.xTaskCreate
                0x0000000000001118       0x94
 .text.xTaskCreate
                0x0000000000001118       0x94 ./output/tasks.o
                0x0000000000001118                xTaskCreate

.text.prvInitialiseNewTask
                0x00000000000011ac      0x108
 .text.prvInitialiseNewTask
                0x00000000000011ac      0x108 ./output/tasks.o

.text.prvAddNewTaskToReadyList
                0x00000000000012b4      0x124
 .text.prvAddNewTaskToReadyList
                0x00000000000012b4      0x124 ./output/tasks.o

.text.vTaskDelete
                0x00000000000013d8      0x120
 .text.vTaskDelete
                0x00000000000013d8      0x120 ./output/tasks.o
                0x00000000000013d8                vTaskDelete

.text.xTaskDelayUntil
                0x00000000000014f8       0xdc
 .text.xTaskDelayUntil
                0x00000000000014f8       0xdc ./output/tasks.o
                0x00000000000014f8                xTaskDelayUntil

.text.vTaskDelay
                0x00000000000015d4       0x60
 .text.vTaskDelay
                0x00000000000015d4       0x60 ./output/tasks.o
                0x00000000000015d4                vTaskDelay

.text.eTaskGetState
                0x0000000000001634       0xdc
 .text.eTaskGetState
                0x0000000000001634       0xdc ./output/tasks.o
                0x0000000000001634                eTaskGetState

.text.uxTaskPriorityGet
                0x0000000000001710       0x34
 .text.uxTaskPriorityGet
                0x0000000000001710       0x34 ./output/tasks.o
                0x0000000000001710                uxTaskPriorityGet

.text.vTaskPrioritySet
                0x0000000000001744      0x19c
 .text.vTaskPrioritySet
                0x0000000000001744      0x19c ./output/tasks.o
                0x0000000000001744                vTaskPrioritySet

.text.vTaskSuspend
                0x00000000000018e0      0x138
 .text.vTaskSuspend
                0x00000000000018e0      0x138 ./output/tasks.o
                0x00000000000018e0                vTaskSuspend

.text.prvTaskIsTaskSuspended
                0x0000000000001a18       0x58
 .text.prvTaskIsTaskSuspended
                0x0000000000001a18       0x58 ./output/tasks.o

.text.vTaskResume
                0x0000000000001a70      0x104
 .text.vTaskResume
                0x0000000000001a70      0x104 ./output/tasks.o
                0x0000000000001a70                vTaskResume

.text.vTaskStartScheduler
                0x0000000000001b74       0xd0
 .text.vTaskStartScheduler
                0x0000000000001b74       0xd0 ./output/tasks.o
                0x0000000000001b74                vTaskStartScheduler

.text.vTaskSuspendAll
                0x0000000000001c44       0x1c
 .text.vTaskSuspendAll
                0x0000000000001c44       0x1c ./output/tasks.o
                0x0000000000001c44                vTaskSuspendAll

.text.xTaskResumeAll
                0x0000000000001c60      0x1f0
 .text.xTaskResumeAll
                0x0000000000001c60      0x1f0 ./output/tasks.o
                0x0000000000001c60                xTaskResumeAll

.text.xTaskGetTickCount
                0x0000000000001e50       0x1c
 .text.xTaskGetTickCount
                0x0000000000001e50       0x1c ./output/tasks.o
                0x0000000000001e50                xTaskGetTickCount

.text.xTaskGetTickCountFromISR
                0x0000000000001e6c       0x24
 .text.xTaskGetTickCountFromISR
                0x0000000000001e6c       0x24 ./output/tasks.o
                0x0000000000001e6c                xTaskGetTickCountFromISR

.text.uxTaskGetNumberOfTasks
                0x0000000000001e90       0x14
 .text.uxTaskGetNumberOfTasks
                0x0000000000001e90       0x14 ./output/tasks.o
                0x0000000000001e90                uxTaskGetNumberOfTasks

.text.prvSearchForNameWithinSingleList
                0x0000000000001ea4       0xda
 .text.prvSearchForNameWithinSingleList
                0x0000000000001ea4       0xda ./output/tasks.o

.text.xTaskGetHandle
                0x0000000000001f80       0xc4
 .text.xTaskGetHandle
                0x0000000000001f80       0xc4 ./output/tasks.o
                0x0000000000001f80                xTaskGetHandle

.text.xTaskCatchUpTicks
                0x0000000000002044       0x50
 .text.xTaskCatchUpTicks
                0x0000000000002044       0x50 ./output/tasks.o
                0x0000000000002044                xTaskCatchUpTicks

.text.xTaskAbortDelay
                0x0000000000002094      0x118
 .text.xTaskAbortDelay
                0x0000000000002094      0x118 ./output/tasks.o
                0x0000000000002094                xTaskAbortDelay

.text.xTaskIncrementTick
                0x00000000000021ac      0x234
 .text.xTaskIncrementTick
                0x00000000000021ac      0x234 ./output/tasks.o
                0x00000000000021ac                xTaskIncrementTick

.text.vTaskSwitchContext
                0x00000000000023e0       0xf8
 .text.vTaskSwitchContext
                0x00000000000023e0       0xf8 ./output/tasks.o
                0x00000000000023e0                vTaskSwitchContext

.text.vTaskPlaceOnEventList
                0x00000000000024d8       0x40
 .text.vTaskPlaceOnEventList
                0x00000000000024d8       0x40 ./output/tasks.o
                0x00000000000024d8                vTaskPlaceOnEventList

.text.vTaskPlaceOnUnorderedEventList
                0x0000000000002518       0x98
 .text.vTaskPlaceOnUnorderedEventList
                0x0000000000002518       0x98 ./output/tasks.o
                0x0000000000002518                vTaskPlaceOnUnorderedEventList

.text.vTaskPlaceOnEventListRestricted
                0x00000000000025b0       0x84
 .text.vTaskPlaceOnEventListRestricted
                0x00000000000025b0       0x84 ./output/tasks.o
                0x00000000000025b0                vTaskPlaceOnEventListRestricted

.text.xTaskRemoveFromEventList
                0x0000000000002634      0x1a0
 .text.xTaskRemoveFromEventList
                0x0000000000002634      0x1a0 ./output/tasks.o
                0x0000000000002634                xTaskRemoveFromEventList

.text.vTaskRemoveFromUnorderedEventList
                0x00000000000027d4      0x168
 .text.vTaskRemoveFromUnorderedEventList
                0x00000000000027d4      0x168 ./output/tasks.o
                0x00000000000027d4                vTaskRemoveFromUnorderedEventList

.text.vTaskSetTimeOutState
                0x000000000000293c       0x44
 .text.vTaskSetTimeOutState
                0x000000000000293c       0x44 ./output/tasks.o
                0x000000000000293c                vTaskSetTimeOutState

.text.vTaskInternalSetTimeOutState
                0x0000000000002980       0x2c
 .text.vTaskInternalSetTimeOutState
                0x0000000000002980       0x2c ./output/tasks.o
                0x0000000000002980                vTaskInternalSetTimeOutState

.text.xTaskCheckForTimeOut
                0x00000000000029ac       0xd8
 .text.xTaskCheckForTimeOut
                0x00000000000029ac       0xd8 ./output/tasks.o
                0x00000000000029ac                xTaskCheckForTimeOut

.text.vTaskMissedYield
                0x0000000000002a84       0x18
 .text.vTaskMissedYield
                0x0000000000002a84       0x18 ./output/tasks.o
                0x0000000000002a84                vTaskMissedYield

.text.prvIdleTask
                0x0000000000002a9c        0xe
 .text.prvIdleTask
                0x0000000000002a9c        0xe ./output/tasks.o

.text.prvInitialiseTaskLists
                0x0000000000002aac       0x80
 .text.prvInitialiseTaskLists
                0x0000000000002aac       0x80 ./output/tasks.o

.text.prvCheckTasksWaitingTermination
                0x0000000000002b2c       0x5c
 .text.prvCheckTasksWaitingTermination
                0x0000000000002b2c       0x5c ./output/tasks.o

.text.prvDeleteTCB
                0x0000000000002b88       0x58
 .text.prvDeleteTCB
                0x0000000000002b88       0x58 ./output/tasks.o

.text.prvResetNextTaskUnblockTime
                0x0000000000002be0       0x34
 .text.prvResetNextTaskUnblockTime
                0x0000000000002be0       0x34 ./output/tasks.o

.text.xTaskGetCurrentTaskHandle
                0x0000000000002c14       0x1c
 .text.xTaskGetCurrentTaskHandle
                0x0000000000002c14       0x1c ./output/tasks.o
                0x0000000000002c14                xTaskGetCurrentTaskHandle

.text.xTaskGetSchedulerState
                0x0000000000002c30       0x3c
 .text.xTaskGetSchedulerState
                0x0000000000002c30       0x3c ./output/tasks.o
                0x0000000000002c30                xTaskGetSchedulerState

.text.xTaskPriorityInherit
                0x0000000000002c6c      0x13c
 .text.xTaskPriorityInherit
                0x0000000000002c6c      0x13c ./output/tasks.o
                0x0000000000002c6c                xTaskPriorityInherit

.text.xTaskPriorityDisinherit
                0x0000000000002da8      0x130
 .text.xTaskPriorityDisinherit
                0x0000000000002da8      0x130 ./output/tasks.o
                0x0000000000002da8                xTaskPriorityDisinherit

.text.vTaskPriorityDisinheritAfterTimeout
                0x0000000000002ed8      0x15c
 .text.vTaskPriorityDisinheritAfterTimeout
                0x0000000000002ed8      0x15c ./output/tasks.o
                0x0000000000002ed8                vTaskPriorityDisinheritAfterTimeout

.text.uxTaskResetEventItemValue
                0x0000000000003034       0x30
 .text.uxTaskResetEventItemValue
                0x0000000000003034       0x30 ./output/tasks.o
                0x0000000000003034                uxTaskResetEventItemValue

.text.pvTaskIncrementMutexHeldCount
                0x0000000000003064       0x28
 .text.pvTaskIncrementMutexHeldCount
                0x0000000000003064       0x28 ./output/tasks.o
                0x0000000000003064                pvTaskIncrementMutexHeldCount

.text.ulTaskGenericNotifyTake
                0x000000000000308c       0xc8
 .text.ulTaskGenericNotifyTake
                0x000000000000308c       0xc8 ./output/tasks.o
                0x000000000000308c                ulTaskGenericNotifyTake

.text.xTaskGenericNotifyWait
                0x0000000000003154       0xf8
 .text.xTaskGenericNotifyWait
                0x0000000000003154       0xf8 ./output/tasks.o
                0x0000000000003154                xTaskGenericNotifyWait

.text.xTaskGenericNotify
                0x000000000000324c      0x218
 .text.xTaskGenericNotify
                0x000000000000324c      0x218 ./output/tasks.o
                0x000000000000324c                xTaskGenericNotify

.text.xTaskGenericNotifyFromISR
                0x0000000000003464      0x28c
 .text.xTaskGenericNotifyFromISR
                0x0000000000003464      0x28c ./output/tasks.o
                0x0000000000003464                xTaskGenericNotifyFromISR

.text.vTaskGenericNotifyGiveFromISR
                0x00000000000036f0      0x1ec
 .text.vTaskGenericNotifyGiveFromISR
                0x00000000000036f0      0x1ec ./output/tasks.o
                0x00000000000036f0                vTaskGenericNotifyGiveFromISR

.text.xTaskGenericNotifyStateClear
                0x00000000000038dc       0x6c
 .text.xTaskGenericNotifyStateClear
                0x00000000000038dc       0x6c ./output/tasks.o
                0x00000000000038dc                xTaskGenericNotifyStateClear

.text.ulTaskGenericNotifyValueClear
                0x0000000000003948       0x5c
 .text.ulTaskGenericNotifyValueClear
                0x0000000000003948       0x5c ./output/tasks.o
                0x0000000000003948                ulTaskGenericNotifyValueClear

.text.prvAddCurrentTaskToDelayedList
                0x00000000000039a4      0x108
 .text.prvAddCurrentTaskToDelayedList
                0x00000000000039a4      0x108 ./output/tasks.o

.iplt           0x0000000000003aac        0x0
 .iplt          0x0000000000003aac        0x0 ./output/tasks.o

.text.vListInitialise
                0x0000000000003aac       0x3e
 .text.vListInitialise
                0x0000000000003aac       0x3e ./output/list.o
                0x0000000000003aac                vListInitialise

.text.vListInitialiseItem
                0x0000000000003aea       0x18
 .text.vListInitialiseItem
                0x0000000000003aea       0x18 ./output/list.o
                0x0000000000003aea                vListInitialiseItem

.text.vListInsertEnd
                0x0000000000003b02       0x46
 .text.vListInsertEnd
                0x0000000000003b02       0x46 ./output/list.o
                0x0000000000003b02                vListInsertEnd

.text.vListInsert
                0x0000000000003b48       0x70
 .text.vListInsert
                0x0000000000003b48       0x70 ./output/list.o
                0x0000000000003b48                vListInsert

.text.uxListRemove
                0x0000000000003bb8       0x52
 .text.uxListRemove
                0x0000000000003bb8       0x52 ./output/list.o
                0x0000000000003bb8                uxListRemove

.text.xQueueGenericReset
                0x0000000000003c0c      0x10c
 .text.xQueueGenericReset
                0x0000000000003c0c      0x10c ./output/queue.o
                0x0000000000003c0c                xQueueGenericReset

.text.xQueueGenericCreateStatic
                0x0000000000003d18       0x9c
 .text.xQueueGenericCreateStatic
                0x0000000000003d18       0x9c ./output/queue.o
                0x0000000000003d18                xQueueGenericCreateStatic

.text.xQueueGenericCreate
                0x0000000000003db4       0x9c
 .text.xQueueGenericCreate
                0x0000000000003db4       0x9c ./output/queue.o
                0x0000000000003db4                xQueueGenericCreate

.text.prvInitialiseNewQueue
                0x0000000000003e50       0x44
 .text.prvInitialiseNewQueue
                0x0000000000003e50       0x44 ./output/queue.o

.text.prvInitialiseMutex
                0x0000000000003e94       0x34
 .text.prvInitialiseMutex
                0x0000000000003e94       0x34 ./output/queue.o

.text.xQueueCreateMutex
                0x0000000000003ec8       0x30
 .text.xQueueCreateMutex
                0x0000000000003ec8       0x30 ./output/queue.o
                0x0000000000003ec8                xQueueCreateMutex

.text.xQueueCreateMutexStatic
                0x0000000000003ef8       0x36
 .text.xQueueCreateMutexStatic
                0x0000000000003ef8       0x36 ./output/queue.o
                0x0000000000003ef8                xQueueCreateMutexStatic

.text.xQueueGetMutexHolder
                0x0000000000003f30       0x48
 .text.xQueueGetMutexHolder
                0x0000000000003f30       0x48 ./output/queue.o
                0x0000000000003f30                xQueueGetMutexHolder

.text.xQueueGetMutexHolderFromISR
                0x0000000000003f78       0x3c
 .text.xQueueGetMutexHolderFromISR
                0x0000000000003f78       0x3c ./output/queue.o
                0x0000000000003f78                xQueueGetMutexHolderFromISR

.text.xQueueGiveMutexRecursive
                0x0000000000003fb4       0x60
 .text.xQueueGiveMutexRecursive
                0x0000000000003fb4       0x60 ./output/queue.o
                0x0000000000003fb4                xQueueGiveMutexRecursive

.text.xQueueTakeMutexRecursive
                0x0000000000004014       0x64
 .text.xQueueTakeMutexRecursive
                0x0000000000004014       0x64 ./output/queue.o
                0x0000000000004014                xQueueTakeMutexRecursive

.text.xQueueCreateCountingSemaphoreStatic
                0x0000000000004078       0x5c
 .text.xQueueCreateCountingSemaphoreStatic
                0x0000000000004078       0x5c ./output/queue.o
                0x0000000000004078                xQueueCreateCountingSemaphoreStatic

.text.xQueueCreateCountingSemaphore
                0x00000000000040d4       0x54
 .text.xQueueCreateCountingSemaphore
                0x00000000000040d4       0x54 ./output/queue.o
                0x00000000000040d4                xQueueCreateCountingSemaphore

.text.xQueueGenericSend
                0x0000000000004128      0x208
 .text.xQueueGenericSend
                0x0000000000004128      0x208 ./output/queue.o
                0x0000000000004128                xQueueGenericSend

.text.xQueueGenericSendFromISR
                0x0000000000004330      0x168
 .text.xQueueGenericSendFromISR
                0x0000000000004330      0x168 ./output/queue.o
                0x0000000000004330                xQueueGenericSendFromISR

.text.xQueueGiveFromISR
                0x0000000000004498      0x13c
 .text.xQueueGiveFromISR
                0x0000000000004498      0x13c ./output/queue.o
                0x0000000000004498                xQueueGiveFromISR

.text.xQueueReceive
                0x00000000000045d4      0x1a0
 .text.xQueueReceive
                0x00000000000045d4      0x1a0 ./output/queue.o
                0x00000000000045d4                xQueueReceive

.text.xQueueSemaphoreTake
                0x0000000000004774      0x1dc
 .text.xQueueSemaphoreTake
                0x0000000000004774      0x1dc ./output/queue.o
                0x0000000000004774                xQueueSemaphoreTake

.text.xQueuePeek
                0x0000000000004950      0x1a4
 .text.xQueuePeek
                0x0000000000004950      0x1a4 ./output/queue.o
                0x0000000000004950                xQueuePeek

.text.xQueueReceiveFromISR
                0x0000000000004af4      0x110
 .text.xQueueReceiveFromISR
                0x0000000000004af4      0x110 ./output/queue.o
                0x0000000000004af4                xQueueReceiveFromISR

.text.xQueuePeekFromISR
                0x0000000000004c04       0xb4
 .text.xQueuePeekFromISR
                0x0000000000004c04       0xb4 ./output/queue.o
                0x0000000000004c04                xQueuePeekFromISR

.text.uxQueueMessagesWaiting
                0x0000000000004cb8       0x34
 .text.uxQueueMessagesWaiting
                0x0000000000004cb8       0x34 ./output/queue.o
                0x0000000000004cb8                uxQueueMessagesWaiting

.text.uxQueueSpacesAvailable
                0x0000000000004cec       0x40
 .text.uxQueueSpacesAvailable
                0x0000000000004cec       0x40 ./output/queue.o
                0x0000000000004cec                uxQueueSpacesAvailable

.text.vQueueDelete
                0x0000000000004d2c       0x40
 .text.vQueueDelete
                0x0000000000004d2c       0x40 ./output/queue.o
                0x0000000000004d2c                vQueueDelete

.text.prvGetDisinheritPriorityAfterTimeout
                0x0000000000004d6c       0x2e
 .text.prvGetDisinheritPriorityAfterTimeout
                0x0000000000004d6c       0x2e ./output/queue.o

.text.prvCopyDataToQueue
                0x0000000000004d9a       0xd4
 .text.prvCopyDataToQueue
                0x0000000000004d9a       0xd4 ./output/queue.o

.text.prvCopyDataFromQueue
                0x0000000000004e6e       0x4c
 .text.prvCopyDataFromQueue
                0x0000000000004e6e       0x4c ./output/queue.o

.text.prvUnlockQueue
                0x0000000000004eba       0xbe
 .text.prvUnlockQueue
                0x0000000000004eba       0xbe ./output/queue.o

.text.prvIsQueueEmpty
                0x0000000000004f78       0x2c
 .text.prvIsQueueEmpty
                0x0000000000004f78       0x2c ./output/queue.o

.text.prvIsQueueFull
                0x0000000000004fa4       0x30
 .text.prvIsQueueFull
                0x0000000000004fa4       0x30 ./output/queue.o

.text.xQueueIsQueueFullFromISR
                0x0000000000004fd4       0x40
 .text.xQueueIsQueueFullFromISR
                0x0000000000004fd4       0x40 ./output/queue.o
                0x0000000000004fd4                xQueueIsQueueFullFromISR

.text.vQueueAddToRegistry
                0x0000000000005014       0x90
 .text.vQueueAddToRegistry
                0x0000000000005014       0x90 ./output/queue.o
                0x0000000000005014                vQueueAddToRegistry

.text.vQueueUnregisterQueue
                0x00000000000050a4       0x64
 .text.vQueueUnregisterQueue
                0x00000000000050a4       0x64 ./output/queue.o
                0x00000000000050a4                vQueueUnregisterQueue

.text.vQueueWaitForMessageRestricted
                0x0000000000005108       0x68
 .text.vQueueWaitForMessageRestricted
                0x0000000000005108       0x68 ./output/queue.o
                0x0000000000005108                vQueueWaitForMessageRestricted

.text.xQueueCreateSet
                0x0000000000005170       0x1e
 .text.xQueueCreateSet
                0x0000000000005170       0x1e ./output/queue.o
                0x0000000000005170                xQueueCreateSet

.text.xQueueAddToSet
                0x000000000000518e       0x42
 .text.xQueueAddToSet
                0x000000000000518e       0x42 ./output/queue.o
                0x000000000000518e                xQueueAddToSet

.text.xQueueRemoveFromSet
                0x00000000000051d0       0x48
 .text.xQueueRemoveFromSet
                0x00000000000051d0       0x48 ./output/queue.o
                0x00000000000051d0                xQueueRemoveFromSet

.text.xQueueSelectFromSet
                0x0000000000005218       0x26
 .text.xQueueSelectFromSet
                0x0000000000005218       0x26 ./output/queue.o
                0x0000000000005218                xQueueSelectFromSet

.text.xQueueSelectFromSetFromISR
                0x000000000000523e       0x24
 .text.xQueueSelectFromSetFromISR
                0x000000000000523e       0x24 ./output/queue.o
                0x000000000000523e                xQueueSelectFromSetFromISR

.text.prvNotifyQueueSetContainer
                0x0000000000005264       0xc0
 .text.prvNotifyQueueSetContainer
                0x0000000000005264       0xc0 ./output/queue.o

.text.xTimerCreateTimerTask
                0x0000000000005324       0x88
 .text.xTimerCreateTimerTask
                0x0000000000005324       0x88 ./output/timers.o
                0x0000000000005324                xTimerCreateTimerTask

.text.xTimerCreate
                0x00000000000053ac       0x42
 .text.xTimerCreate
                0x00000000000053ac       0x42 ./output/timers.o
                0x00000000000053ac                xTimerCreate

.text.xTimerCreateStatic
                0x00000000000053f0       0x68
 .text.xTimerCreateStatic
                0x00000000000053f0       0x68 ./output/timers.o
                0x00000000000053f0                xTimerCreateStatic

.text.prvInitialiseNewTimer
                0x0000000000005458       0x68
 .text.prvInitialiseNewTimer
                0x0000000000005458       0x68 ./output/timers.o

.text.xTimerGenericCommand
                0x00000000000054c0       0x94
 .text.xTimerGenericCommand
                0x00000000000054c0       0x94 ./output/timers.o
                0x00000000000054c0                xTimerGenericCommand

.text.vTimerSetReloadMode
                0x0000000000005554       0x60
 .text.vTimerSetReloadMode
                0x0000000000005554       0x60 ./output/timers.o
                0x0000000000005554                vTimerSetReloadMode

.text.xTimerGetReloadMode
                0x00000000000055b4       0x4c
 .text.xTimerGetReloadMode
                0x00000000000055b4       0x4c ./output/timers.o
                0x00000000000055b4                xTimerGetReloadMode

.text.uxTimerGetReloadMode
                0x0000000000005600       0x18
 .text.uxTimerGetReloadMode
                0x0000000000005600       0x18 ./output/timers.o
                0x0000000000005600                uxTimerGetReloadMode

.text.pcTimerGetName
                0x0000000000005618       0x2c
 .text.pcTimerGetName
                0x0000000000005618       0x2c ./output/timers.o
                0x0000000000005618                pcTimerGetName

.text.prvReloadTimer
                0x0000000000005644       0x42
 .text.prvReloadTimer
                0x0000000000005644       0x42 ./output/timers.o

.text.prvProcessExpiredTimer
                0x0000000000005688       0x60
 .text.prvProcessExpiredTimer
                0x0000000000005688       0x60 ./output/timers.o

.text.prvTimerTask
                0x00000000000056e8       0x24
 .text.prvTimerTask
                0x00000000000056e8       0x24 ./output/timers.o

.text.prvProcessTimerOrBlockTask
                0x000000000000570c       0x9c
 .text.prvProcessTimerOrBlockTask
                0x000000000000570c       0x9c ./output/timers.o

.text.prvGetNextExpireTime
                0x00000000000057a8       0x44
 .text.prvGetNextExpireTime
                0x00000000000057a8       0x44 ./output/timers.o

.text.prvSampleTimeNow
                0x00000000000057ec       0x40
 .text.prvSampleTimeNow
                0x00000000000057ec       0x40 ./output/timers.o

.text.prvInsertTimerInActiveList
                0x000000000000582c       0x84
 .text.prvInsertTimerInActiveList
                0x000000000000582c       0x84 ./output/timers.o

.text.prvProcessReceivedCommands
                0x00000000000058b0      0x1a0
 .text.prvProcessReceivedCommands
                0x00000000000058b0      0x1a0 ./output/timers.o

.text.prvSwitchTimerLists
                0x0000000000005a50       0x4c
 .text.prvSwitchTimerLists
                0x0000000000005a50       0x4c ./output/timers.o

.text.prvCheckForValidListAndQueue
                0x0000000000005a9c       0x80
 .text.prvCheckForValidListAndQueue
                0x0000000000005a9c       0x80 ./output/timers.o

.text.xTimerIsTimerActive
                0x0000000000005b1c       0x4c
 .text.xTimerIsTimerActive
                0x0000000000005b1c       0x4c ./output/timers.o
                0x0000000000005b1c                xTimerIsTimerActive

.text.pvTimerGetTimerID
                0x0000000000005b68       0x38
 .text.pvTimerGetTimerID
                0x0000000000005b68       0x38 ./output/timers.o
                0x0000000000005b68                pvTimerGetTimerID

.text.vTimerSetTimerID
                0x0000000000005ba0       0x38
 .text.vTimerSetTimerID
                0x0000000000005ba0       0x38 ./output/timers.o
                0x0000000000005ba0                vTimerSetTimerID

.text.xTimerPendFunctionCallFromISR
                0x0000000000005bd8       0x40
 .text.xTimerPendFunctionCallFromISR
                0x0000000000005bd8       0x40 ./output/timers.o
                0x0000000000005bd8                xTimerPendFunctionCallFromISR

.text.xEventGroupCreateStatic
                0x0000000000005c18       0x58
 .text.xEventGroupCreateStatic
                0x0000000000005c18       0x58 ./output/event_groups.o
                0x0000000000005c18                xEventGroupCreateStatic

.text.xEventGroupCreate
                0x0000000000005c70       0x34
 .text.xEventGroupCreate
                0x0000000000005c70       0x34 ./output/event_groups.o
                0x0000000000005c70                xEventGroupCreate

.text.xEventGroupSync
                0x0000000000005ca4      0x138
 .text.xEventGroupSync
                0x0000000000005ca4      0x138 ./output/event_groups.o
                0x0000000000005ca4                xEventGroupSync

.text.xEventGroupWaitBits
                0x0000000000005ddc      0x170
 .text.xEventGroupWaitBits
                0x0000000000005ddc      0x170 ./output/event_groups.o
                0x0000000000005ddc                xEventGroupWaitBits

.text.xEventGroupClearBits
                0x0000000000005f4c       0x5c
 .text.xEventGroupClearBits
                0x0000000000005f4c       0x5c ./output/event_groups.o
                0x0000000000005f4c                xEventGroupClearBits

.text.xEventGroupGetBitsFromISR
                0x0000000000005fa8       0x46
 .text.xEventGroupGetBitsFromISR
                0x0000000000005fa8       0x46 ./output/event_groups.o
                0x0000000000005fa8                xEventGroupGetBitsFromISR

.text.xEventGroupSetBits
                0x0000000000005ff0      0x104
 .text.xEventGroupSetBits
                0x0000000000005ff0      0x104 ./output/event_groups.o
                0x0000000000005ff0                xEventGroupSetBits

.text.vEventGroupDelete
                0x00000000000060f4       0x74
 .text.vEventGroupDelete
                0x00000000000060f4       0x74 ./output/event_groups.o
                0x00000000000060f4                vEventGroupDelete

.text.vEventGroupSetBitsCallback
                0x0000000000006168       0x1a
 .text.vEventGroupSetBitsCallback
                0x0000000000006168       0x1a ./output/event_groups.o
                0x0000000000006168                vEventGroupSetBitsCallback

.text.vEventGroupClearBitsCallback
                0x0000000000006182       0x1a
 .text.vEventGroupClearBitsCallback
                0x0000000000006182       0x1a ./output/event_groups.o
                0x0000000000006182                vEventGroupClearBitsCallback

.text.prvTestWaitCondition
                0x000000000000619c       0x42
 .text.prvTestWaitCondition
                0x000000000000619c       0x42 ./output/event_groups.o

.text.xStreamBufferGenericCreate
                0x00000000000061e0       0xac
 .text.xStreamBufferGenericCreate
                0x00000000000061e0       0xac ./output/stream_buffer.o
                0x00000000000061e0                xStreamBufferGenericCreate

.text.xStreamBufferGenericCreateStatic
                0x000000000000628c       0xcc
 .text.xStreamBufferGenericCreateStatic
                0x000000000000628c       0xcc ./output/stream_buffer.o
                0x000000000000628c                xStreamBufferGenericCreateStatic

.text.vStreamBufferDelete
                0x0000000000006358       0x48
 .text.vStreamBufferDelete
                0x0000000000006358       0x48 ./output/stream_buffer.o
                0x0000000000006358                vStreamBufferDelete

.text.xStreamBufferReset
                0x00000000000063a0       0x78
 .text.xStreamBufferReset
                0x00000000000063a0       0x78 ./output/stream_buffer.o
                0x00000000000063a0                xStreamBufferReset

.text.xStreamBufferSpacesAvailable
                0x0000000000006418       0x6c
 .text.xStreamBufferSpacesAvailable
                0x0000000000006418       0x6c ./output/stream_buffer.o
                0x0000000000006418                xStreamBufferSpacesAvailable

.text.xStreamBufferBytesAvailable
                0x0000000000006484       0x34
 .text.xStreamBufferBytesAvailable
                0x0000000000006484       0x34 ./output/stream_buffer.o
                0x0000000000006484                xStreamBufferBytesAvailable

.text.xStreamBufferSend
                0x00000000000064b8      0x170
 .text.xStreamBufferSend
                0x00000000000064b8      0x170 ./output/stream_buffer.o
                0x00000000000064b8                xStreamBufferSend

.text.xStreamBufferSendFromISR
                0x0000000000006628       0xd4
 .text.xStreamBufferSendFromISR
                0x0000000000006628       0xd4 ./output/stream_buffer.o
                0x0000000000006628                xStreamBufferSendFromISR

.text.prvWriteMessageToBuffer
                0x00000000000066fc       0x88
 .text.prvWriteMessageToBuffer
                0x00000000000066fc       0x88 ./output/stream_buffer.o

.text.xStreamBufferReceive
                0x0000000000006784      0x110
 .text.xStreamBufferReceive
                0x0000000000006784      0x110 ./output/stream_buffer.o
                0x0000000000006784                xStreamBufferReceive

.text.xStreamBufferNextMessageLengthBytes
                0x0000000000006894       0x74
 .text.xStreamBufferNextMessageLengthBytes
                0x0000000000006894       0x74 ./output/stream_buffer.o
                0x0000000000006894                xStreamBufferNextMessageLengthBytes

.text.xStreamBufferReceiveFromISR
                0x0000000000006908       0xcc
 .text.xStreamBufferReceiveFromISR
                0x0000000000006908       0xcc ./output/stream_buffer.o
                0x0000000000006908                xStreamBufferReceiveFromISR

.text.prvReadMessageFromBuffer
                0x00000000000069d4       0x7a
 .text.prvReadMessageFromBuffer
                0x00000000000069d4       0x7a ./output/stream_buffer.o

.text.xStreamBufferIsEmpty
                0x0000000000006a50       0x44
 .text.xStreamBufferIsEmpty
                0x0000000000006a50       0x44 ./output/stream_buffer.o
                0x0000000000006a50                xStreamBufferIsEmpty

.text.xStreamBufferIsFull
                0x0000000000006a94       0x58
 .text.xStreamBufferIsFull
                0x0000000000006a94       0x58 ./output/stream_buffer.o
                0x0000000000006a94                xStreamBufferIsFull

.text.prvWriteBytesToBuffer
                0x0000000000006aec       0xbc
 .text.prvWriteBytesToBuffer
                0x0000000000006aec       0xbc ./output/stream_buffer.o

.text.prvReadBytesFromBuffer
                0x0000000000006ba8       0xb4
 .text.prvReadBytesFromBuffer
                0x0000000000006ba8       0xb4 ./output/stream_buffer.o

.text.prvBytesInBuffer
                0x0000000000006c5c       0x3e
 .text.prvBytesInBuffer
                0x0000000000006c5c       0x3e ./output/stream_buffer.o

.text.prvInitialiseNewStreamBuffer
                0x0000000000006c9c       0x60
 .text.prvInitialiseNewStreamBuffer
                0x0000000000006c9c       0x60 ./output/stream_buffer.o

.text.pvPortMalloc
                0x0000000000006cfc      0x168
 .text.pvPortMalloc
                0x0000000000006cfc      0x168 ./output/heap_4.o
                0x0000000000006cfc                pvPortMalloc

.text.vPortFree
                0x0000000000006e64       0xa4
 .text.vPortFree
                0x0000000000006e64       0xa4 ./output/heap_4.o
                0x0000000000006e64                vPortFree

.text.prvHeapInit
                0x0000000000006f08       0xb8
 .text.prvHeapInit
                0x0000000000006f08       0xb8 ./output/heap_4.o

.text.prvInsertBlockIntoFreeList
                0x0000000000006fc0       0xb0
 .text.prvInsertBlockIntoFreeList
                0x0000000000006fc0       0xb0 ./output/heap_4.o

.text.pxPortInitialiseStack
                0x0000000000007070       0x58
 .text.pxPortInitialiseStack
                0x0000000000007070       0x58 ./output/port.o
                0x0000000000007070                pxPortInitialiseStack

.text.prvTaskExitError
                0x00000000000070c8       0x4c
 .text.prvTaskExitError
                0x00000000000070c8       0x4c ./output/port.o

.text.vPortSVCHandler
                0x0000000000007120       0x28
 .text.vPortSVCHandler
                0x0000000000007120       0x28 ./output/port.o
                0x0000000000007120                vPortSVCHandler

.text.prvPortStartFirstTask
                0x0000000000007148       0x24
 .text.prvPortStartFirstTask
                0x0000000000007148       0x24 ./output/port.o

.text.xPortStartScheduler
                0x000000000000716c       0xc0
 .text.xPortStartScheduler
                0x000000000000716c       0xc0 ./output/port.o
                0x000000000000716c                xPortStartScheduler

.text.vPortEnterCritical
                0x000000000000722c       0x54
 .text.vPortEnterCritical
                0x000000000000722c       0x54 ./output/port.o
                0x000000000000722c                vPortEnterCritical

.text.vPortExitCritical
                0x0000000000007280       0x48
 .text.vPortExitCritical
                0x0000000000007280       0x48 ./output/port.o
                0x0000000000007280                vPortExitCritical

.text.xPortPendSVHandler
                0x00000000000072d0       0x48
 .text.xPortPendSVHandler
                0x00000000000072d0       0x48 ./output/port.o
                0x00000000000072d0                xPortPendSVHandler

.text.xPortSysTickHandler
                0x0000000000007318       0x44
 .text.xPortSysTickHandler
                0x0000000000007318       0x44 ./output/port.o
                0x0000000000007318                xPortSysTickHandler

.text.vPortSetupTimerInterrupt
                0x000000000000735c       0x34
 .text.vPortSetupTimerInterrupt
                0x000000000000735c       0x34 ./output/port.o
                0x000000000000735c                vPortSetupTimerInterrupt

.text.vPortValidateInterruptPriority
                0x0000000000007390       0x68
 .text.vPortValidateInterruptPriority
                0x0000000000007390       0x68 ./output/port.o
                0x0000000000007390                vPortValidateInterruptPriority

.text.vCreateAbortDelayTasks
                0x00000000000073f8       0x48
 .text.vCreateAbortDelayTasks
                0x00000000000073f8       0x48 ./output/AbortDelay.o
                0x00000000000073f8                vCreateAbortDelayTasks

.text.prvControllingTask
                0x0000000000007440       0xbc
 .text.prvControllingTask
                0x0000000000007440       0xbc ./output/AbortDelay.o

.text.prvBlockingTask
                0x00000000000074fc       0xc8
 .text.prvBlockingTask
                0x00000000000074fc       0xc8 ./output/AbortDelay.o

.text.prvPerformSingleTaskTests
                0x00000000000075c4       0x2c
 .text.prvPerformSingleTaskTests
                0x00000000000075c4       0x2c ./output/AbortDelay.o

.text.prvTestAbortingTaskDelayUntil
                0x00000000000075f0       0x98
 .text.prvTestAbortingTaskDelayUntil
                0x00000000000075f0       0x98 ./output/AbortDelay.o

.text.prvTestAbortingTaskDelay
                0x0000000000007688       0x56
 .text.prvTestAbortingTaskDelay
                0x0000000000007688       0x56 ./output/AbortDelay.o

.text.prvTestAbortingTaskNotifyTake
                0x00000000000076e0       0x90
 .text.prvTestAbortingTaskNotifyTake
                0x00000000000076e0       0x90 ./output/AbortDelay.o

.text.prvTestAbortingEventGroupWait
                0x0000000000007770       0xb4
 .text.prvTestAbortingEventGroupWait
                0x0000000000007770       0xb4 ./output/AbortDelay.o

.text.prvTestAbortingStreamBufferReceive
                0x0000000000007824       0xc0
 .text.prvTestAbortingStreamBufferReceive
                0x0000000000007824       0xc0 ./output/AbortDelay.o

.text.prvTestAbortingQueueSend
                0x00000000000078e4       0xd0
 .text.prvTestAbortingQueueSend
                0x00000000000078e4       0xd0 ./output/AbortDelay.o

.text.prvTestAbortingSemaphoreTake
                0x00000000000079b4       0xa8
 .text.prvTestAbortingSemaphoreTake
                0x00000000000079b4       0xa8 ./output/AbortDelay.o

.text.prvTestAbortingTaskNotifyWait
                0x0000000000007a5c       0xa0
 .text.prvTestAbortingTaskNotifyWait
                0x0000000000007a5c       0xa0 ./output/AbortDelay.o

.text.prvCheckExpectedTimeIsWithinAnAcceptableMargin
                0x0000000000007afc       0x44
 .text.prvCheckExpectedTimeIsWithinAnAcceptableMargin
                0x0000000000007afc       0x44 ./output/AbortDelay.o

.text.xAreAbortDelayTestTasksStillRunning
                0x0000000000007b40       0x68
 .text.xAreAbortDelayTestTasksStillRunning
                0x0000000000007b40       0x68 ./output/AbortDelay.o
                0x0000000000007b40                xAreAbortDelayTestTasksStillRunning

.text.vCreateBlockTimeTasks
                0x0000000000007ba8       0x74
 .text.vCreateBlockTimeTasks
                0x0000000000007ba8       0x74 ./output/blocktim.o
                0x0000000000007ba8                vCreateBlockTimeTasks

.text.vPrimaryBlockTimeTestTask
                0x0000000000007c1c      0x2dc
 .text.vPrimaryBlockTimeTestTask
                0x0000000000007c1c      0x2dc ./output/blocktim.o

.text.vSecondaryBlockTimeTestTask
                0x0000000000007ef8       0xd8
 .text.vSecondaryBlockTimeTestTask
                0x0000000000007ef8       0xd8 ./output/blocktim.o

.text.prvBasicDelayTests
                0x0000000000007fd0      0x148
 .text.prvBasicDelayTests
                0x0000000000007fd0      0x148 ./output/blocktim.o

.text.xAreBlockTimeTestTasksStillRunning
                0x0000000000008118       0x68
 .text.xAreBlockTimeTestTasksStillRunning
                0x0000000000008118       0x68 ./output/blocktim.o
                0x0000000000008118                xAreBlockTimeTestTasksStillRunning

.text.vStartCountingSemaphoreTasks
                0x0000000000008180       0xac
 .text.vStartCountingSemaphoreTasks
                0x0000000000008180       0xac ./output/countsem.o
                0x0000000000008180                vStartCountingSemaphoreTasks

.text.prvDecrementSemaphoreCount
                0x000000000000822c       0xa4
 .text.prvDecrementSemaphoreCount
                0x000000000000822c       0xa4 ./output/countsem.o

.text.prvIncrementSemaphoreCount
                0x00000000000082d0       0x90
 .text.prvIncrementSemaphoreCount
                0x00000000000082d0       0x90 ./output/countsem.o

.text.prvCountingSemaphoreTask
                0x0000000000008360       0x64
 .text.prvCountingSemaphoreTask
                0x0000000000008360       0x64 ./output/countsem.o

.text.xAreCountingSemaphoreTasksStillRunning
                0x00000000000083c4       0x68
 .text.xAreCountingSemaphoreTasksStillRunning
                0x00000000000083c4       0x68 ./output/countsem.o
                0x00000000000083c4                xAreCountingSemaphoreTasksStillRunning

.text.vCreateSuicidalTasks
                0x000000000000842c       0x2c
 .text.vCreateSuicidalTasks
                0x000000000000842c       0x2c ./output/death.o
                0x000000000000842c                vCreateSuicidalTasks

.text.vSuicidalTask
                0x0000000000008458       0x50
 .text.vSuicidalTask
                0x0000000000008458       0x50 ./output/death.o

.text.vCreateTasks
                0x00000000000084a8       0x84
 .text.vCreateTasks
                0x00000000000084a8       0x84 ./output/death.o

.text.xIsCreateTaskStillRunning
                0x000000000000852c       0x74
 .text.xIsCreateTaskStillRunning
                0x000000000000852c       0x74 ./output/death.o
                0x000000000000852c                xIsCreateTaskStillRunning

.text.vStartDynamicPriorityTasks
                0x00000000000085a0       0xd0
 .text.vStartDynamicPriorityTasks
                0x00000000000085a0       0xd0 ./output/dynamic.o
                0x00000000000085a0                vStartDynamicPriorityTasks

.text.vLimitedIncrementTask
                0x0000000000008670       0x2c
 .text.vLimitedIncrementTask
                0x0000000000008670       0x2c ./output/dynamic.o

.text.vContinuousIncrementTask
                0x000000000000869c       0x68
 .text.vContinuousIncrementTask
                0x000000000000869c       0x68 ./output/dynamic.o

.text.vCounterControlTask
                0x0000000000008704      0x130
 .text.vCounterControlTask
                0x0000000000008704      0x130 ./output/dynamic.o

.text.vQueueSendWhenSuspendedTask
                0x0000000000008834       0x48
 .text.vQueueSendWhenSuspendedTask
                0x0000000000008834       0x48 ./output/dynamic.o

.text.vQueueReceiveWhenSuspendedTask
                0x000000000000887c       0x6c
 .text.vQueueReceiveWhenSuspendedTask
                0x000000000000887c       0x6c ./output/dynamic.o

.text.xAreDynamicPriorityTasksStillRunning
                0x00000000000088e8       0x7c
 .text.xAreDynamicPriorityTasksStillRunning
                0x00000000000088e8       0x7c ./output/dynamic.o
                0x00000000000088e8                xAreDynamicPriorityTasksStillRunning

.text.vStartEventGroupTasks
                0x0000000000008964       0xb0
 .text.vStartEventGroupTasks
                0x0000000000008964       0xb0 ./output/EventGroupsDemo.o
                0x0000000000008964                vStartEventGroupTasks

.text.prvTestMasterTask
                0x0000000000008a14       0xd4
 .text.prvTestMasterTask
                0x0000000000008a14       0xd4 ./output/EventGroupsDemo.o

.text.prvSyncTask
                0x0000000000008ae8       0xbc
 .text.prvSyncTask
                0x0000000000008ae8       0xbc ./output/EventGroupsDemo.o

.text.prvTestSlaveTask
                0x0000000000008ba4      0x16c
 .text.prvTestSlaveTask
                0x0000000000008ba4      0x16c ./output/EventGroupsDemo.o

.text.prvPerformTaskSyncTests
                0x0000000000008d10      0x284
 .text.prvPerformTaskSyncTests
                0x0000000000008d10      0x284 ./output/EventGroupsDemo.o

.text.prvBitCombinationTestMasterFunction
                0x0000000000008f94      0x168
 .text.prvBitCombinationTestMasterFunction
                0x0000000000008f94      0x168 ./output/EventGroupsDemo.o

.text.prvSelectiveBitsTestSlaveFunction
                0x00000000000090fc       0x54
 .text.prvSelectiveBitsTestSlaveFunction
                0x00000000000090fc       0x54 ./output/EventGroupsDemo.o

.text.prvSelectiveBitsTestMasterFunction
                0x0000000000009150      0x128
 .text.prvSelectiveBitsTestMasterFunction
                0x0000000000009150      0x128 ./output/EventGroupsDemo.o

.text.vPeriodicEventGroupsProcessing
                0x0000000000009278      0x100
 .text.vPeriodicEventGroupsProcessing
                0x0000000000009278      0x100 ./output/EventGroupsDemo.o
                0x0000000000009278                vPeriodicEventGroupsProcessing

.text.xAreEventGroupTasksStillRunning
                0x0000000000009378       0x78
 .text.xAreEventGroupTasksStillRunning
                0x0000000000009378       0x78 ./output/EventGroupsDemo.o
                0x0000000000009378                xAreEventGroupTasksStillRunning

.text.vStartGenericQueueTasks
                0x00000000000093f0       0xdc
 .text.vStartGenericQueueTasks
                0x00000000000093f0       0xdc ./output/GenQTest.o
                0x00000000000093f0                vStartGenericQueueTasks

.text.prvSendFrontAndBackTest
                0x00000000000094cc      0x310
 .text.prvSendFrontAndBackTest
                0x00000000000094cc      0x310 ./output/GenQTest.o

.text.prvHighPriorityTimeout
                0x00000000000097dc      0x24c
 .text.prvHighPriorityTimeout
                0x00000000000097dc      0x24c ./output/GenQTest.o

.text.prvTakeTwoMutexesReturnInDifferentOrder
                0x0000000000009a28      0x148
 .text.prvTakeTwoMutexesReturnInDifferentOrder
                0x0000000000009a28      0x148 ./output/GenQTest.o

.text.prvTakeTwoMutexesReturnInSameOrder
                0x0000000000009b70      0x124
 .text.prvTakeTwoMutexesReturnInSameOrder
                0x0000000000009b70      0x124 ./output/GenQTest.o

.text.prvLowPriorityMutexTask
                0x0000000000009c94       0x58
 .text.prvLowPriorityMutexTask
                0x0000000000009c94       0x58 ./output/GenQTest.o

.text.prvMediumPriorityMutexTask
                0x0000000000009cec       0x20
 .text.prvMediumPriorityMutexTask
                0x0000000000009cec       0x20 ./output/GenQTest.o

.text.prvHighPriorityMutexTask
                0x0000000000009d0c       0x5c
 .text.prvHighPriorityMutexTask
                0x0000000000009d0c       0x5c ./output/GenQTest.o

.text.xAreGenericQueueTasksStillRunning
                0x0000000000009d68       0x64
 .text.xAreGenericQueueTasksStillRunning
                0x0000000000009d68       0x64 ./output/GenQTest.o
                0x0000000000009d68                xAreGenericQueueTasksStillRunning

.text.vStartInterruptQueueTasks
                0x0000000000009dcc      0x108
 .text.vStartInterruptQueueTasks
                0x0000000000009dcc      0x108 ./output/IntQueue.o
                0x0000000000009dcc                vStartInterruptQueueTasks

.text.prvRecordValue_NormallyFull
                0x0000000000009ed4       0x3c
 .text.prvRecordValue_NormallyFull
                0x0000000000009ed4       0x3c ./output/IntQueue.o

.text.prvRecordValue_NormallyEmpty
                0x0000000000009f10       0x3c
 .text.prvRecordValue_NormallyEmpty
                0x0000000000009f10       0x3c ./output/IntQueue.o

.text.prvQueueAccessLogError
                0x0000000000009f4c       0x28
 .text.prvQueueAccessLogError
                0x0000000000009f4c       0x28 ./output/IntQueue.o

.text.prvHigherPriorityNormallyEmptyTask
                0x0000000000009f74      0x170
 .text.prvHigherPriorityNormallyEmptyTask
                0x0000000000009f74      0x170 ./output/IntQueue.o

.text.prvLowerPriorityNormallyEmptyTask
                0x000000000000a0e4       0xb0
 .text.prvLowerPriorityNormallyEmptyTask
                0x000000000000a0e4       0xb0 ./output/IntQueue.o

.text.prv1stHigherPriorityNormallyFullTask
                0x000000000000a194      0x148
 .text.prv1stHigherPriorityNormallyFullTask
                0x000000000000a194      0x148 ./output/IntQueue.o

.text.prv2ndHigherPriorityNormallyFullTask
                0x000000000000a2dc       0xa8
 .text.prv2ndHigherPriorityNormallyFullTask
                0x000000000000a2dc       0xa8 ./output/IntQueue.o

.text.prvLowerPriorityNormallyFullTask
                0x000000000000a384       0x9c
 .text.prvLowerPriorityNormallyFullTask
                0x000000000000a384       0x9c ./output/IntQueue.o

.text.xFirstTimerHandler
                0x000000000000a420      0x1b8
 .text.xFirstTimerHandler
                0x000000000000a420      0x1b8 ./output/IntQueue.o
                0x000000000000a420                xFirstTimerHandler

.text.xSecondTimerHandler
                0x000000000000a5d8      0x290
 .text.xSecondTimerHandler
                0x000000000000a5d8      0x290 ./output/IntQueue.o
                0x000000000000a5d8                xSecondTimerHandler

.text.xAreIntQueueTasksStillRunning
                0x000000000000a868       0xa0
 .text.xAreIntQueueTasksStillRunning
                0x000000000000a868       0xa0 ./output/IntQueue.o
                0x000000000000a868                xAreIntQueueTasksStillRunning

.text.__NVIC_EnableIRQ
                0x000000000000a908       0x38
 .text.__NVIC_EnableIRQ
                0x000000000000a908       0x38 ./output/IntQueueTimer.o

.text.__NVIC_SetPriority
                0x000000000000a940       0x54
 .text.__NVIC_SetPriority
                0x000000000000a940       0x54 ./output/IntQueueTimer.o

.text.TIMER0_Handler
                0x000000000000a994       0x48
 .text.TIMER0_Handler
                0x000000000000a994       0x48 ./output/IntQueueTimer.o
                0x000000000000a994                TIMER0_Handler

.text.TIMER1_Handler
                0x000000000000a9dc       0x48
 .text.TIMER1_Handler
                0x000000000000a9dc       0x48 ./output/IntQueueTimer.o
                0x000000000000a9dc                TIMER1_Handler

.text.vInitialiseTimerForIntQueueTest
                0x000000000000aa24       0x58
 .text.vInitialiseTimerForIntQueueTest
                0x000000000000aa24       0x58 ./output/IntQueueTimer.o
                0x000000000000aa24                vInitialiseTimerForIntQueueTest

.text.vStartInterruptSemaphoreTasks
                0x000000000000aa7c       0xcc
 .text.vStartInterruptSemaphoreTasks
                0x000000000000aa7c       0xcc ./output/IntSemTest.o
                0x000000000000aa7c                vStartInterruptSemaphoreTasks

.text.vInterruptMutexMasterTask
                0x000000000000ab48       0x38
 .text.vInterruptMutexMasterTask
                0x000000000000ab48       0x38 ./output/IntSemTest.o

.text.prvTakeAndGiveInTheSameOrder
                0x000000000000ab80      0x168
 .text.prvTakeAndGiveInTheSameOrder
                0x000000000000ab80      0x168 ./output/IntSemTest.o

.text.prvTakeAndGiveInTheOppositeOrder
                0x000000000000ace8      0x150
 .text.prvTakeAndGiveInTheOppositeOrder
                0x000000000000ace8      0x150 ./output/IntSemTest.o

.text.vInterruptMutexSlaveTask
                0x000000000000ae38       0x4c
 .text.vInterruptMutexSlaveTask
                0x000000000000ae38       0x4c ./output/IntSemTest.o

.text.vInterruptCountingSemaphoreTask
                0x000000000000ae84       0xec
 .text.vInterruptCountingSemaphoreTask
                0x000000000000ae84       0xec ./output/IntSemTest.o

.text.vInterruptSemaphorePeriodicTest
                0x000000000000af70       0x9c
 .text.vInterruptSemaphorePeriodicTest
                0x000000000000af70       0x9c ./output/IntSemTest.o
                0x000000000000af70                vInterruptSemaphorePeriodicTest

.text.xAreInterruptSemaphoreTasksStillRunning
                0x000000000000b00c       0x68
 .text.xAreInterruptSemaphoreTasksStillRunning
                0x000000000000b00c       0x68 ./output/IntSemTest.o
                0x000000000000b00c                xAreInterruptSemaphoreTasksStillRunning

.text.vStartMessageBufferAMPTasks
                0x000000000000b074       0xb0
 .text.vStartMessageBufferAMPTasks
                0x000000000000b074       0xb0 ./output/MessageBufferAMP.o
                0x000000000000b074                vStartMessageBufferAMPTasks

.text.prvCoreATask
                0x000000000000b124       0x68
 .text.prvCoreATask
                0x000000000000b124       0x68 ./output/MessageBufferAMP.o

.text.prvCoreBTasks
                0x000000000000b18c       0xb8
 .text.prvCoreBTasks
                0x000000000000b18c       0xb8 ./output/MessageBufferAMP.o

.text.xAreMessageBufferAMPTasksStillRunning
                0x000000000000b244       0x60
 .text.xAreMessageBufferAMPTasksStillRunning
                0x000000000000b244       0x60 ./output/MessageBufferAMP.o
                0x000000000000b244                xAreMessageBufferAMPTasksStillRunning

.text.vStartMessageBufferTasks
                0x000000000000b2a4      0x148
 .text.vStartMessageBufferTasks
                0x000000000000b2a4      0x148 ./output/MessageBufferDemo.o
                0x000000000000b2a4                vStartMessageBufferTasks

.text.prvSingleTaskTests
                0x000000000000b3ec     0x23f4
 .text.prvSingleTaskTests
                0x000000000000b3ec      0x53c ./output/MessageBufferDemo.o
 .text.prvSingleTaskTests
                0x000000000000b928      0xc10 ./output/StreamBufferDemo.o
 .text.prvSingleTaskTests
                0x000000000000c538      0x77c ./output/TaskNotify.o
 .text.prvSingleTaskTests
                0x000000000000ccb4      0xb2c ./output/TaskNotifyArray.o

.text.prvNonBlockingSenderTask
                0x000000000000d7e0      0x11c
 .text.prvNonBlockingSenderTask
                0x000000000000d7e0       0xa0 ./output/MessageBufferDemo.o
 .text.prvNonBlockingSenderTask
                0x000000000000d880       0x7c ./output/StreamBufferDemo.o

.text.prvNonBlockingReceiverTask
                0x000000000000d8fc      0x1cc
 .text.prvNonBlockingReceiverTask
                0x000000000000d8fc       0xf8 ./output/MessageBufferDemo.o
 .text.prvNonBlockingReceiverTask
                0x000000000000d9f4       0xd4 ./output/StreamBufferDemo.o

.text.prvSenderTask
                0x000000000000dac8      0x2c8
 .text.prvSenderTask
                0x000000000000dac8      0x164 ./output/MessageBufferDemo.o
 .text.prvSenderTask
                0x000000000000dc2c      0x164 ./output/StreamBufferDemo.o

.text.prvReceiverTask
                0x000000000000dd90      0x108
 .text.prvReceiverTask
                0x000000000000dd90       0x84 ./output/MessageBufferDemo.o
 .text.prvReceiverTask
                0x000000000000de14       0x84 ./output/StreamBufferDemo.o

.text.prvEchoClient
                0x000000000000de98      0x33c
 .text.prvEchoClient
                0x000000000000de98       0xfc ./output/MessageBufferDemo.o
 .text.prvEchoClient
                0x000000000000df94      0x240 ./output/StreamBufferDemo.o

.text.prvEchoServer
                0x000000000000e1d4      0x288
 .text.prvEchoServer
                0x000000000000e1d4      0x14c ./output/MessageBufferDemo.o
 .text.prvEchoServer
                0x000000000000e320      0x13c ./output/StreamBufferDemo.o

.text.prvSpaceAvailableCoherenceActor
                0x000000000000e45c       0x8c
 .text.prvSpaceAvailableCoherenceActor
                0x000000000000e45c       0x8c ./output/MessageBufferDemo.o

.text.prvSpaceAvailableCoherenceTester
                0x000000000000e4e8       0x58
 .text.prvSpaceAvailableCoherenceTester
                0x000000000000e4e8       0x58 ./output/MessageBufferDemo.o

.text.xAreMessageBufferTasksStillRunning
                0x000000000000e540       0xe4
 .text.xAreMessageBufferTasksStillRunning
                0x000000000000e540       0xe4 ./output/MessageBufferDemo.o
                0x000000000000e540                xAreMessageBufferTasksStillRunning

.text.vStartPolledQueueTasks
                0x000000000000e624       0x74
 .text.vStartPolledQueueTasks
                0x000000000000e624       0x74 ./output/PollQ.o
                0x000000000000e624                vStartPolledQueueTasks

.text.vPolledQueueProducer
                0x000000000000e698       0x6c
 .text.vPolledQueueProducer
                0x000000000000e698       0x6c ./output/PollQ.o

.text.vPolledQueueConsumer
                0x000000000000e704       0x74
 .text.vPolledQueueConsumer
                0x000000000000e704       0x74 ./output/PollQ.o

.text.xArePollingQueuesStillRunning
                0x000000000000e778       0x40
 .text.xArePollingQueuesStillRunning
                0x000000000000e778       0x40 ./output/PollQ.o
                0x000000000000e778                xArePollingQueuesStillRunning

.text.vStartQueuePeekTasks
                0x000000000000e7b8       0xa8
 .text.vStartQueuePeekTasks
                0x000000000000e7b8       0xa8 ./output/QPeek.o
                0x000000000000e7b8                vStartQueuePeekTasks

.text.prvHighestPriorityPeekTask
                0x000000000000e860       0xf8
 .text.prvHighestPriorityPeekTask
                0x000000000000e860       0xf8 ./output/QPeek.o

.text.prvHighPriorityPeekTask
                0x000000000000e958       0x8c
 .text.prvHighPriorityPeekTask
                0x000000000000e958       0x8c ./output/QPeek.o

.text.prvMediumPriorityPeekTask
                0x000000000000e9e4       0x68
 .text.prvMediumPriorityPeekTask
                0x000000000000e9e4       0x68 ./output/QPeek.o

.text.prvLowPriorityPeekTask
                0x000000000000ea4c      0x11c
 .text.prvLowPriorityPeekTask
                0x000000000000ea4c      0x11c ./output/QPeek.o

.text.xAreQueuePeekTasksStillRunning
                0x000000000000eb68       0x40
 .text.xAreQueuePeekTasksStillRunning
                0x000000000000eb68       0x40 ./output/QPeek.o
                0x000000000000eb68                xAreQueuePeekTasksStillRunning

.text.vStartQueueOverwriteTask
                0x000000000000eba8       0x44
 .text.vStartQueueOverwriteTask
                0x000000000000eba8       0x44 ./output/QueueOverwrite.o
                0x000000000000eba8                vStartQueueOverwriteTask

.text.prvQueueOverwriteTask
                0x000000000000ebec       0xdc
 .text.prvQueueOverwriteTask
                0x000000000000ebec       0xdc ./output/QueueOverwrite.o

.text.xIsQueueOverwriteTaskStillRunning
                0x000000000000ecc8       0x40
 .text.xIsQueueOverwriteTaskStillRunning
                0x000000000000ecc8       0x40 ./output/QueueOverwrite.o
                0x000000000000ecc8                xIsQueueOverwriteTaskStillRunning

.text.vQueueOverwritePeriodicISRDemo
                0x000000000000ed08       0xcc
 .text.vQueueOverwritePeriodicISRDemo
                0x000000000000ed08       0xcc ./output/QueueOverwrite.o
                0x000000000000ed08                vQueueOverwritePeriodicISRDemo

.text.vStartQueueSetTasks
                0x000000000000edd4       0x60
 .text.vStartQueueSetTasks
                0x000000000000edd4       0x60 ./output/QueueSet.o
                0x000000000000edd4                vStartQueueSetTasks

.text.xAreQueueSetTasksStillRunning
                0x000000000000ee34       0xac
 .text.xAreQueueSetTasksStillRunning
                0x000000000000ee34       0xac ./output/QueueSet.o
                0x000000000000ee34                xAreQueueSetTasksStillRunning

.text.prvQueueSetSendingTask
                0x000000000000eee0       0x90
 .text.prvQueueSetSendingTask
                0x000000000000eee0       0x90 ./output/QueueSet.o

.text.prvChangeRelativePriorities
                0x000000000000ef70       0x98
 .text.prvChangeRelativePriorities
                0x000000000000ef70       0x98 ./output/QueueSet.o

.text.prvQueueSetReceivingTask
                0x000000000000f008      0x104
 .text.prvQueueSetReceivingTask
                0x000000000000f008       0x94 ./output/QueueSet.o
 .text.prvQueueSetReceivingTask
                0x000000000000f09c       0x70 ./output/QueueSetPolling.o

.text.vQueueSetAccessQueueSetFromISR
                0x000000000000f10c       0x38
 .text.vQueueSetAccessQueueSetFromISR
                0x000000000000f10c       0x38 ./output/QueueSet.o
                0x000000000000f10c                vQueueSetAccessQueueSetFromISR

.text.prvCheckReceivedValue
                0x000000000000f144       0xdc
 .text.prvCheckReceivedValue
                0x000000000000f144       0xdc ./output/QueueSet.o

.text.prvCheckReceivedValueWithinExpectedRange
                0x000000000000f220       0x6c
 .text.prvCheckReceivedValueWithinExpectedRange
                0x000000000000f220       0x6c ./output/QueueSet.o

.text.prvReceiveFromQueueInSetFromISR
                0x000000000000f28c       0x48
 .text.prvReceiveFromQueueInSetFromISR
                0x000000000000f28c       0x48 ./output/QueueSet.o

.text.prvSendToQueueInSetFromISR
                0x000000000000f2d4       0x6c
 .text.prvSendToQueueInSetFromISR
                0x000000000000f2d4       0x6c ./output/QueueSet.o

.text.prvTestQueueOverwriteWithQueueSet
                0x000000000000f340      0x144
 .text.prvTestQueueOverwriteWithQueueSet
                0x000000000000f340      0x144 ./output/QueueSet.o

.text.prvTestQueueOverwriteOnTwoQueusInQueueSet
                0x000000000000f484      0x288
 .text.prvTestQueueOverwriteOnTwoQueusInQueueSet
                0x000000000000f484      0x288 ./output/QueueSet.o

.text.prvTestQueueOverwriteFromISROnTwoQueusInQueueSet
                0x000000000000f70c      0x288
 .text.prvTestQueueOverwriteFromISROnTwoQueusInQueueSet
                0x000000000000f70c      0x288 ./output/QueueSet.o

.text.prvSetupTest
                0x000000000000f994      0x184
 .text.prvSetupTest
                0x000000000000f994      0x184 ./output/QueueSet.o

.text.prvRand   0x000000000000fb18       0xe8
 .text.prvRand  0x000000000000fb18       0x34 ./output/QueueSet.o
 .text.prvRand  0x000000000000fb4c       0x3c ./output/StaticAllocation.o
 .text.prvRand  0x000000000000fb88       0x3c ./output/TaskNotify.o
 .text.prvRand  0x000000000000fbc4       0x3c ./output/TaskNotifyArray.o

.text.prvSRand  0x000000000000fc00       0x1c
 .text.prvSRand
                0x000000000000fc00       0x1c ./output/QueueSet.o

.text.vStartQueueSetPollingTask
                0x000000000000fc1c       0x6c
 .text.vStartQueueSetPollingTask
                0x000000000000fc1c       0x6c ./output/QueueSetPolling.o
                0x000000000000fc1c                vStartQueueSetPollingTask

.text.vQueueSetPollingInterruptAccess
                0x000000000000fc88       0x4c
 .text.vQueueSetPollingInterruptAccess
                0x000000000000fc88       0x4c ./output/QueueSetPolling.o
                0x000000000000fc88                vQueueSetPollingInterruptAccess

.text.xAreQueueSetPollTasksStillRunning
                0x000000000000fcd4       0x38
 .text.xAreQueueSetPollTasksStillRunning
                0x000000000000fcd4       0x38 ./output/QueueSetPolling.o
                0x000000000000fcd4                xAreQueueSetPollTasksStillRunning

.text.vStartRecursiveMutexTasks
                0x000000000000fd0c       0x90
 .text.vStartRecursiveMutexTasks
                0x000000000000fd0c       0x90 ./output/recmutex.o
                0x000000000000fd0c                vStartRecursiveMutexTasks

.text.prvRecursiveMutexControllingTask
                0x000000000000fd9c       0xc0
 .text.prvRecursiveMutexControllingTask
                0x000000000000fd9c       0xc0 ./output/recmutex.o

.text.prvRecursiveMutexBlockingTask
                0x000000000000fe5c       0x94
 .text.prvRecursiveMutexBlockingTask
                0x000000000000fe5c       0x94 ./output/recmutex.o

.text.prvRecursiveMutexPollingTask
                0x000000000000fef0      0x134
 .text.prvRecursiveMutexPollingTask
                0x000000000000fef0      0x134 ./output/recmutex.o

.text.xAreRecursiveMutexTasksStillRunning
                0x0000000000010024       0x94
 .text.xAreRecursiveMutexTasksStillRunning
                0x0000000000010024       0x94 ./output/recmutex.o
                0x0000000000010024                xAreRecursiveMutexTasksStillRunning

.text.vStartSemaphoreTasks
                0x00000000000100b8      0x138
 .text.vStartSemaphoreTasks
                0x00000000000100b8      0x138 ./output/semtest.o
                0x00000000000100b8                vStartSemaphoreTasks

.text.prvSemaphoreTest
                0x00000000000101f0      0x11c
 .text.prvSemaphoreTest
                0x00000000000101f0      0x11c ./output/semtest.o

.text.xAreSemaphoreTasksStillRunning
                0x000000000001030c       0x5c
 .text.xAreSemaphoreTasksStillRunning
                0x000000000001030c       0x5c ./output/semtest.o
                0x000000000001030c                xAreSemaphoreTasksStillRunning

.text.vStartStaticallyAllocatedTasks
                0x0000000000010368       0x34
 .text.vStartStaticallyAllocatedTasks
                0x0000000000010368       0x34 ./output/StaticAllocation.o
                0x0000000000010368                vStartStaticallyAllocatedTasks

.text.prvStaticallyAllocatedCreator
                0x000000000001039c       0x70
 .text.prvStaticallyAllocatedCreator
                0x000000000001039c       0x70 ./output/StaticAllocation.o

.text.prvCreateAndDeleteStaticallyAllocatedCountingSemaphores
                0x000000000001040c       0x6c
 .text.prvCreateAndDeleteStaticallyAllocatedCountingSemaphores
                0x000000000001040c       0x6c ./output/StaticAllocation.o

.text.prvCreateAndDeleteStaticallyAllocatedRecursiveMutexes
                0x0000000000010478       0x60
 .text.prvCreateAndDeleteStaticallyAllocatedRecursiveMutexes
                0x0000000000010478       0x60 ./output/StaticAllocation.o

.text.prvCreateAndDeleteStaticallyAllocatedQueues
                0x00000000000104d8       0x74
 .text.prvCreateAndDeleteStaticallyAllocatedQueues
                0x00000000000104d8       0x74 ./output/StaticAllocation.o

.text.prvCreateAndDeleteStaticallyAllocatedMutexes
                0x000000000001054c       0x94
 .text.prvCreateAndDeleteStaticallyAllocatedMutexes
                0x000000000001054c       0x94 ./output/StaticAllocation.o

.text.prvCreateAndDeleteStaticallyAllocatedBinarySemaphores
                0x00000000000105e0       0xb4
 .text.prvCreateAndDeleteStaticallyAllocatedBinarySemaphores
                0x00000000000105e0       0xb4 ./output/StaticAllocation.o

.text.prvTimerCallback
                0x0000000000010694       0x4c
 .text.prvTimerCallback
                0x0000000000010694       0x4c ./output/StaticAllocation.o

.text.prvCreateAndDeleteStaticallyAllocatedTimers
                0x00000000000106e0      0x13c
 .text.prvCreateAndDeleteStaticallyAllocatedTimers
                0x00000000000106e0      0x13c ./output/StaticAllocation.o

.text.prvCreateAndDeleteStaticallyAllocatedEventGroups
                0x000000000001081c       0x5c
 .text.prvCreateAndDeleteStaticallyAllocatedEventGroups
                0x000000000001081c       0x5c ./output/StaticAllocation.o

.text.prvCreateAndDeleteStaticallyAllocatedTasks
                0x0000000000010878       0xcc
 .text.prvCreateAndDeleteStaticallyAllocatedTasks
                0x0000000000010878       0xcc ./output/StaticAllocation.o

.text.prvStaticallyAllocatedTask
                0x0000000000010944       0x16
 .text.prvStaticallyAllocatedTask
                0x0000000000010944       0x16 ./output/StaticAllocation.o

.text.prvGetNextDelayTime
                0x000000000001095a       0x40
 .text.prvGetNextDelayTime
                0x000000000001095a       0x40 ./output/StaticAllocation.o

.text.prvSanityCheckCreatedEventGroup
                0x000000000001099c       0x98
 .text.prvSanityCheckCreatedEventGroup
                0x000000000001099c       0x98 ./output/StaticAllocation.o

.text.prvSanityCheckCreatedSemaphore
                0x0000000000010a34      0x124
 .text.prvSanityCheckCreatedSemaphore
                0x0000000000010a34      0x124 ./output/StaticAllocation.o

.text.prvSanityCheckCreatedQueue
                0x0000000000010b58      0x124
 .text.prvSanityCheckCreatedQueue
                0x0000000000010b58      0x124 ./output/StaticAllocation.o

.text.prvSanityCheckCreatedRecursiveMutex
                0x0000000000010c7c       0x94
 .text.prvSanityCheckCreatedRecursiveMutex
                0x0000000000010c7c       0x94 ./output/StaticAllocation.o

.text.xAreStaticAllocationTasksStillRunning
                0x0000000000010d10       0x4c
 .text.xAreStaticAllocationTasksStillRunning
                0x0000000000010d10       0x4c ./output/StaticAllocation.o
                0x0000000000010d10                xAreStaticAllocationTasksStillRunning

.text.vStartStreamBufferTasks
                0x0000000000010d5c       0xdc
 .text.vStartStreamBufferTasks
                0x0000000000010d5c       0xdc ./output/StreamBufferDemo.o
                0x0000000000010d5c                vStartStreamBufferTasks

.text.prvCheckExpectedState
                0x0000000000010e38       0x34
 .text.prvCheckExpectedState
                0x0000000000010e38       0x34 ./output/StreamBufferDemo.o

.text.vPeriodicStreamBufferProcessing
                0x0000000000010e6c       0x64
 .text.vPeriodicStreamBufferProcessing
                0x0000000000010e6c       0x64 ./output/StreamBufferDemo.o
                0x0000000000010e6c                vPeriodicStreamBufferProcessing

.text.prvInterruptTriggerLevelTest
                0x0000000000010ed0      0x178
 .text.prvInterruptTriggerLevelTest
                0x0000000000010ed0      0x178 ./output/StreamBufferDemo.o

.text.xAreStreamBufferTasksStillRunning
                0x0000000000011048       0xec
 .text.xAreStreamBufferTasksStillRunning
                0x0000000000011048       0xec ./output/StreamBufferDemo.o
                0x0000000000011048                xAreStreamBufferTasksStillRunning

.text.vStartStreamBufferInterruptDemo
                0x0000000000011134       0x44
 .text.vStartStreamBufferInterruptDemo
                0x0000000000011134       0x44 ./output/StreamBufferInterrupt.o
                0x0000000000011134                vStartStreamBufferInterruptDemo

.text.prvReceivingTask
                0x0000000000011178       0xf0
 .text.prvReceivingTask
                0x0000000000011178       0xf0 ./output/StreamBufferInterrupt.o

.text.vBasicStreamBufferSendFromISR
                0x0000000000011268       0x7c
 .text.vBasicStreamBufferSendFromISR
                0x0000000000011268       0x7c ./output/StreamBufferInterrupt.o
                0x0000000000011268                vBasicStreamBufferSendFromISR

.text.xIsInterruptStreamBufferDemoStillRunning
                0x00000000000112e4       0x38
 .text.xIsInterruptStreamBufferDemoStillRunning
                0x00000000000112e4       0x38 ./output/StreamBufferInterrupt.o
                0x00000000000112e4                xIsInterruptStreamBufferDemoStillRunning

.text.vStartTaskNotifyTask
                0x000000000001131c       0x3c
 .text.vStartTaskNotifyTask
                0x000000000001131c       0x3c ./output/TaskNotify.o
                0x000000000001131c                vStartTaskNotifyTask

.text.prvSuspendedTaskTimerTestCallback
                0x0000000000011358      0x160
 .text.prvSuspendedTaskTimerTestCallback
                0x0000000000011358       0xa0 ./output/TaskNotify.o
 .text.prvSuspendedTaskTimerTestCallback
                0x00000000000113f8       0xc0 ./output/TaskNotifyArray.o

.text.prvNotifyingTimer
                0x00000000000114b8       0x3c
 .text.prvNotifyingTimer
                0x00000000000114b8       0x3c ./output/TaskNotify.o

.text.prvNotifiedTask
                0x00000000000114f4      0x184
 .text.prvNotifiedTask
                0x00000000000114f4      0x158 ./output/TaskNotify.o
 .text.prvNotifiedTask
                0x000000000001164c       0x2c ./output/TaskNotifyArray.o

.text.xNotifyTaskFromISR
                0x0000000000011678       0xf4
 .text.xNotifyTaskFromISR
                0x0000000000011678       0xf4 ./output/TaskNotify.o
                0x0000000000011678                xNotifyTaskFromISR

.text.xAreTaskNotificationTasksStillRunning
                0x000000000001176c       0x6c
 .text.xAreTaskNotificationTasksStillRunning
                0x000000000001176c       0x6c ./output/TaskNotify.o
                0x000000000001176c                xAreTaskNotificationTasksStillRunning

.text.vStartTaskNotifyArrayTask
                0x00000000000117d8       0xac
 .text.vStartTaskNotifyArrayTask
                0x00000000000117d8       0xac ./output/TaskNotifyArray.o
                0x00000000000117d8                vStartTaskNotifyArrayTask

.text.prvNotifyingTimerCallback
                0x0000000000011884       0x48
 .text.prvNotifyingTimerCallback
                0x0000000000011884       0x48 ./output/TaskNotifyArray.o

.text.prvTestNotifyTaskWhileSuspended
                0x00000000000118cc      0x1d4
 .text.prvTestNotifyTaskWhileSuspended
                0x00000000000118cc      0x1d4 ./output/TaskNotifyArray.o

.text.prvBlockOnTheNotifiedIndexed
                0x0000000000011aa0      0x148
 .text.prvBlockOnTheNotifiedIndexed
                0x0000000000011aa0      0x148 ./output/TaskNotifyArray.o

.text.prvBlockOnANonNotifiedIndexed
                0x0000000000011be8      0x16c
 .text.prvBlockOnANonNotifiedIndexed
                0x0000000000011be8      0x16c ./output/TaskNotifyArray.o

.text.prvBlockOnNotificationsComingFromInterrupts
                0x0000000000011d54      0x108
 .text.prvBlockOnNotificationsComingFromInterrupts
                0x0000000000011d54      0x108 ./output/TaskNotifyArray.o

.text.xNotifyArrayTaskFromISR
                0x0000000000011e5c       0xec
 .text.xNotifyArrayTaskFromISR
                0x0000000000011e5c       0xec ./output/TaskNotifyArray.o
                0x0000000000011e5c                xNotifyArrayTaskFromISR

.text.xAreTaskNotificationArrayTasksStillRunning
                0x0000000000011f48       0x84
 .text.xAreTaskNotificationArrayTasksStillRunning
                0x0000000000011f48       0x84 ./output/TaskNotifyArray.o
                0x0000000000011f48                xAreTaskNotificationArrayTasksStillRunning

.text.vStartTimerDemoTask
                0x0000000000011fcc       0x64
 .text.vStartTimerDemoTask
                0x0000000000011fcc       0x64 ./output/TimerDemo.o
                0x0000000000011fcc                vStartTimerDemoTask

.text.prvTimerTestTask
                0x0000000000012030       0xd0
 .text.prvTimerTestTask
                0x0000000000012030       0xd0 ./output/TimerDemo.o

.text.xAreTimerDemoTasksStillRunning
                0x0000000000012100       0x94
 .text.xAreTimerDemoTasksStillRunning
                0x0000000000012100       0x94 ./output/TimerDemo.o
                0x0000000000012100                xAreTimerDemoTasksStillRunning

.text.prvTest1_CreateTimersWithoutSchedulerRunning
                0x0000000000012194      0x1d8
 .text.prvTest1_CreateTimersWithoutSchedulerRunning
                0x0000000000012194      0x1d8 ./output/TimerDemo.o

.text.prvTest2_CheckTaskAndTimersInitialState
                0x000000000001236c       0x80
 .text.prvTest2_CheckTaskAndTimersInitialState
                0x000000000001236c       0x80 ./output/TimerDemo.o

.text.prvTest3_CheckAutoReloadExpireRates
                0x00000000000123ec       0xc8
 .text.prvTest3_CheckAutoReloadExpireRates
                0x00000000000123ec       0xc8 ./output/TimerDemo.o

.text.prvTest4_CheckAutoReloadTimersCanBeStopped
                0x00000000000124b4      0x130
 .text.prvTest4_CheckAutoReloadTimersCanBeStopped
                0x00000000000124b4      0x130 ./output/TimerDemo.o

.text.prvTest5_CheckBasicOneShotTimerBehaviour
                0x00000000000125e4      0x120
 .text.prvTest5_CheckBasicOneShotTimerBehaviour
                0x00000000000125e4      0x120 ./output/TimerDemo.o

.text.prvTest6_CheckAutoReloadResetBehaviour
                0x0000000000012704      0x2a0
 .text.prvTest6_CheckAutoReloadResetBehaviour
                0x0000000000012704      0x2a0 ./output/TimerDemo.o

.text.prvTest7_CheckBacklogBehaviour
                0x00000000000129a4      0x1d0
 .text.prvTest7_CheckBacklogBehaviour
                0x00000000000129a4      0x1d0 ./output/TimerDemo.o

.text.prvResetStartConditionsForNextIteration
                0x0000000000012b74       0xb8
 .text.prvResetStartConditionsForNextIteration
                0x0000000000012b74       0xb8 ./output/TimerDemo.o

.text.vTimerPeriodicISRTests
                0x0000000000012c2c      0x61c
 .text.vTimerPeriodicISRTests
                0x0000000000012c2c      0x61c ./output/TimerDemo.o
                0x0000000000012c2c                vTimerPeriodicISRTests

.text.prvAutoReloadTimerCallback
                0x0000000000013248       0x84
 .text.prvAutoReloadTimerCallback
                0x0000000000013248       0x84 ./output/TimerDemo.o

.text.prvOneShotTimerCallback
                0x00000000000132cc       0x60
 .text.prvOneShotTimerCallback
                0x00000000000132cc       0x60 ./output/TimerDemo.o

.text.prvISRAutoReloadTimerCallback
                0x000000000001332c       0x24
 .text.prvISRAutoReloadTimerCallback
                0x000000000001332c       0x24 ./output/TimerDemo.o

.text.prvISROneShotTimerCallback
                0x0000000000013350       0x24
 .text.prvISROneShotTimerCallback
                0x0000000000013350       0x24 ./output/TimerDemo.o

.text.main      0x0000000000013374       0x10
 .text.main     0x0000000000013374       0x10 ./output/main.o
                0x0000000000013374                main

.text.vApplicationMallocFailedHook
                0x0000000000013384       0x28
 .text.vApplicationMallocFailedHook
                0x0000000000013384       0x28 ./output/main.o
                0x0000000000013384                vApplicationMallocFailedHook

.text.vApplicationStackOverflowHook
                0x00000000000133ac       0x2c
 .text.vApplicationStackOverflowHook
                0x00000000000133ac       0x2c ./output/main.o
                0x00000000000133ac                vApplicationStackOverflowHook

.text.vApplicationTickHook
                0x00000000000133d8        0xc
 .text.vApplicationTickHook
                0x00000000000133d8        0xc ./output/main.o
                0x00000000000133d8                vApplicationTickHook

.text.vAssertCalled
                0x00000000000133e4       0x3c
 .text.vAssertCalled
                0x00000000000133e4       0x3c ./output/main.o
                0x00000000000133e4                vAssertCalled

.text.vApplicationGetIdleTaskMemory
                0x0000000000013420       0x30
 .text.vApplicationGetIdleTaskMemory
                0x0000000000013420       0x30 ./output/main.o
                0x0000000000013420                vApplicationGetIdleTaskMemory

.text.vApplicationGetTimerTaskMemory
                0x0000000000013450       0x30
 .text.vApplicationGetTimerTaskMemory
                0x0000000000013450       0x30 ./output/main.o
                0x0000000000013450                vApplicationGetTimerTaskMemory

.text.prvUARTInit
                0x0000000000013480       0x20
 .text.prvUARTInit
                0x0000000000013480       0x20 ./output/main.o

.text.main_full
                0x00000000000134a0       0x98
 .text.main_full
                0x00000000000134a0       0x98 ./output/main_full.o
                0x00000000000134a0                main_full

.text.prvCheckTask
                0x0000000000013538      0x258
 .text.prvCheckTask
                0x0000000000013538      0x258 ./output/main_full.o

.text.vFullDemoTickHookFunction
                0x0000000000013790       0x30
 .text.vFullDemoTickHookFunction
                0x0000000000013790       0x30 ./output/main_full.o
                0x0000000000013790                vFullDemoTickHookFunction

.text.Reset_Handler
                0x00000000000137c0        0xc
 .text.Reset_Handler
                0x00000000000137c0        0xc ./output/startup_gcc.o
                0x00000000000137c0                Reset_Handler

.text.prvGetRegistersFromStack
                0x00000000000137cc       0x84
 .text.prvGetRegistersFromStack
                0x00000000000137cc       0x84 ./output/startup_gcc.o
                0x00000000000137cc                prvGetRegistersFromStack

.text.Default_Handler
                0x0000000000013900       0x18
 .text.Default_Handler
                0x0000000000013900       0x18 ./output/startup_gcc.o

.text.HardFault_Handler
                0x0000000000013a00       0x1c
 .text.HardFault_Handler
                0x0000000000013a00       0x1c ./output/startup_gcc.o

.text.printchar
                0x0000000000013a1c       0x62
 .text.printchar
                0x0000000000013a1c       0x62 ./output/printf-stdarg.o

.text.prints    0x0000000000013a7e       0xb6
 .text.prints   0x0000000000013a7e       0xb6 ./output/printf-stdarg.o

.text.printi    0x0000000000013b34       0xe2
 .text.printi   0x0000000000013b34       0xe2 ./output/printf-stdarg.o

.text.tiny_print
                0x0000000000013c18      0x1fc
 .text.tiny_print
                0x0000000000013c18      0x1fc ./output/printf-stdarg.o

.text.printf    0x0000000000013e14       0x2a
 .text.printf   0x0000000000013e14       0x2a ./output/printf-stdarg.o
                0x0000000000013e14                printf

.text.sprintf   0x0000000000013e3e       0x2c
 .text.sprintf  0x0000000000013e3e       0x2c ./output/printf-stdarg.o
                0x0000000000013e3e                sprintf

.text.__sflush_r
                0x0000000000013e6c      0x104
 .text.__sflush_r
                0x0000000000013e6c      0x104 /Users/antoniocapece/.local/share/gcc-arm-none-eabi-10.3-2021.10/bin/../lib/gcc/arm-none-eabi/10.3.1/../../../../arm-none-eabi/lib/thumb/v7-m/nofp/libg_nano.a(lib_a-fflush.o)
                0x0000000000013e6c                __sflush_r

.text._fflush_r
                0x0000000000013f70       0x78
 .text._fflush_r
                0x0000000000013f70       0x78 /Users/antoniocapece/.local/share/gcc-arm-none-eabi-10.3-2021.10/bin/../lib/gcc/arm-none-eabi/10.3.1/../../../../arm-none-eabi/lib/thumb/v7-m/nofp/libg_nano.a(lib_a-fflush.o)
                0x0000000000013f70                _fflush_r

.text.fflush    0x0000000000013fe8       0x24
 .text.fflush   0x0000000000013fe8       0x24 /Users/antoniocapece/.local/share/gcc-arm-none-eabi-10.3-2021.10/bin/../lib/gcc/arm-none-eabi/10.3.1/../../../../arm-none-eabi/lib/thumb/v7-m/nofp/libg_nano.a(lib_a-fflush.o)
                0x0000000000013fe8                fflush

.text.std       0x000000000001400c       0x48
 .text.std      0x000000000001400c       0x48 /Users/antoniocapece/.local/share/gcc-arm-none-eabi-10.3-2021.10/bin/../lib/gcc/arm-none-eabi/10.3.1/../../../../arm-none-eabi/lib/thumb/v7-m/nofp/libg_nano.a(lib_a-findfp.o)

.text._cleanup_r
                0x0000000000014054        0xc
 .text._cleanup_r
                0x0000000000014054        0xc /Users/antoniocapece/.local/share/gcc-arm-none-eabi-10.3-2021.10/bin/../lib/gcc/arm-none-eabi/10.3.1/../../../../arm-none-eabi/lib/thumb/v7-m/nofp/libg_nano.a(lib_a-findfp.o)
                0x0000000000014054                _cleanup_r

.text.__sfmoreglue
                0x0000000000014060       0x2c
 .text.__sfmoreglue
                0x0000000000014060       0x2c /Users/antoniocapece/.local/share/gcc-arm-none-eabi-10.3-2021.10/bin/../lib/gcc/arm-none-eabi/10.3.1/../../../../arm-none-eabi/lib/thumb/v7-m/nofp/libg_nano.a(lib_a-findfp.o)
                0x0000000000014060                __sfmoreglue

.text.__sfp_lock_acquire
                0x000000000001408c        0xc
 .text.__sfp_lock_acquire
                0x000000000001408c        0xc /Users/antoniocapece/.local/share/gcc-arm-none-eabi-10.3-2021.10/bin/../lib/gcc/arm-none-eabi/10.3.1/../../../../arm-none-eabi/lib/thumb/v7-m/nofp/libg_nano.a(lib_a-findfp.o)
                0x000000000001408c                __sfp_lock_acquire

.text.__sfp_lock_release
                0x0000000000014098        0xc
 .text.__sfp_lock_release
                0x0000000000014098        0xc /Users/antoniocapece/.local/share/gcc-arm-none-eabi-10.3-2021.10/bin/../lib/gcc/arm-none-eabi/10.3.1/../../../../arm-none-eabi/lib/thumb/v7-m/nofp/libg_nano.a(lib_a-findfp.o)
                0x0000000000014098                __sfp_lock_release

.text.__sinit_lock_acquire
                0x00000000000140a4        0xc
 .text.__sinit_lock_acquire
                0x00000000000140a4        0xc /Users/antoniocapece/.local/share/gcc-arm-none-eabi-10.3-2021.10/bin/../lib/gcc/arm-none-eabi/10.3.1/../../../../arm-none-eabi/lib/thumb/v7-m/nofp/libg_nano.a(lib_a-findfp.o)
                0x00000000000140a4                __sinit_lock_acquire

.text.__sinit_lock_release
                0x00000000000140b0        0xc
 .text.__sinit_lock_release
                0x00000000000140b0        0xc /Users/antoniocapece/.local/share/gcc-arm-none-eabi-10.3-2021.10/bin/../lib/gcc/arm-none-eabi/10.3.1/../../../../arm-none-eabi/lib/thumb/v7-m/nofp/libg_nano.a(lib_a-findfp.o)
                0x00000000000140b0                __sinit_lock_release

.text.__sinit   0x00000000000140bc       0x70